../Src/main.c:154:13:Led_Init_red1	16	static
../Src/main.c:166:13:Led_Init_red2	16	static
../Src/main.c:178:13:Led_Init_blue1	16	static
../Src/main.c:190:13:Led_Init_blue2	16	static
../Src/main.c:202:13:Button_Init	16	static
../Src/main.c:213:13:Button_Init_b3	16	static
../Src/main.c:224:13:Button_Init_b4	16	static
../Src/main.c:235:13:Buzzer_Init	16	static
../Src/main.c:247:13:LEDControl_SetStatus	16	static
../Src/main.c:259:16:ButtonRead_Status	24	static
../Src/main.c:269:13:BuzzerControl_SetStatus	16	static
../Src/main.c:283:5:main	16	static
../Src/main.c:350:6:delay_ms	24	static
../Src/main.c:366:10:CalculatorTime	24	static
../Src/main.c:383:13:AppCommon	16	static
../Src/main.c:406:13:SPI1_Init	16	static
../Src/main.c:434:13:I2C_Init_temphumi	32	static
../Src/main.c:473:6:I2C_start	8	static
../Src/main.c:493:6:I2C_address_direction	16	static
../Src/main.c:516:6:I2C_transmit	16	static
../Src/main.c:532:6:I2C_stop	8	static
../Src/main.c:544:9:I2C_receive_nack	8	static
../Src/main.c:563:9:I2C_receive_ack	8	static
../Src/main.c:581:13:TemHumSensor_readRegister	40	static
../Src/main.c:628:10:GetTemp_Sensor	32	static
../Src/main.c:650:10:GetHumi_Sensor	32	static
../Src/main.c:674:6:processGetValueSensor	16	static
../Src/main.c:729:6:Scan_SensorLCD	16	static
../Src/main.c:746:6:Scan_TimeSensor	24	static
