Archive member included to satisfy reference by file (symbol)

D:\Thuc tap co so\kiemtragiuaki_ttcs_nhom5\thuvien\lib\libLibraries.a(system_stm32f4xx.o)
                              ./Src/main.o (SystemCoreClockUpdate)
D:\Thuc tap co so\kiemtragiuaki_ttcs_nhom5\thuvien\lib\libLibraries.a(stm32f401re_gpio.o)
                              ./Src/main.o (GPIO_Init)
D:\Thuc tap co so\kiemtragiuaki_ttcs_nhom5\thuvien\lib\libLibraries.a(stm32f401re_i2c.o)
                              ./Src/main.o (I2C_Init)
D:\Thuc tap co so\kiemtragiuaki_ttcs_nhom5\thuvien\lib\libLibraries.a(stm32f401re_rcc.o)
                              D:\Thuc tap co so\kiemtragiuaki_ttcs_nhom5\thuvien\lib\libLibraries.a(stm32f401re_i2c.o) (RCC_GetClocksFreq)
D:\Thuc tap co so\kiemtragiuaki_ttcs_nhom5\thuvien\lib\libLibraries.a(timer.o)
                              ./Src/main.o (TimerInit)
D:\Thuc tap co so\kiemtragiuaki_ttcs_nhom5\thuvien\lib\libLibraries.a(temhumsensor.o)
                              ./Src/main.o (TemHumSensor_Init)
D:\Thuc tap co so\kiemtragiuaki_ttcs_nhom5\thuvien\lib\libLibraries.a(serial.o)
                              D:\Thuc tap co so\kiemtragiuaki_ttcs_nhom5\thuvien\lib\libLibraries.a(temhumsensor.o) (Serial_SendPacket)
D:\Thuc tap co so\kiemtragiuaki_ttcs_nhom5\thuvien\lib\libLibraries.a(Ucglib.o)
                              ./Src/main.o (Ucglib4WireSWSPI_begin)
D:\Thuc tap co so\kiemtragiuaki_ttcs_nhom5\thuvien\lib\libLibraries.a(ucg_box.o)
                              ./Src/main.o (ucg_ClearScreen)
D:\Thuc tap co so\kiemtragiuaki_ttcs_nhom5\thuvien\lib\libLibraries.a(ucg_ccs.o)
                              D:\Thuc tap co so\kiemtragiuaki_ttcs_nhom5\thuvien\lib\libLibraries.a(ucg_box.o) (ucg_ccs_init)
D:\Thuc tap co so\kiemtragiuaki_ttcs_nhom5\thuvien\lib\libLibraries.a(ucg_circle.o)
                              D:\Thuc tap co so\kiemtragiuaki_ttcs_nhom5\thuvien\lib\libLibraries.a(ucg_box.o) (ucg_DrawCircle)
D:\Thuc tap co so\kiemtragiuaki_ttcs_nhom5\thuvien\lib\libLibraries.a(ucg_dev_default_cb.o)
                              D:\Thuc tap co so\kiemtragiuaki_ttcs_nhom5\thuvien\lib\libLibraries.a(Ucglib.o) (ucg_dev_default_cb)
D:\Thuc tap co so\kiemtragiuaki_ttcs_nhom5\thuvien\lib\libLibraries.a(ucg_dev_ic_st7735.o)
                              D:\Thuc tap co so\kiemtragiuaki_ttcs_nhom5\thuvien\lib\libLibraries.a(Ucglib.o) (ucg_ext_st7735_18)
D:\Thuc tap co so\kiemtragiuaki_ttcs_nhom5\thuvien\lib\libLibraries.a(ucg_dev_msg_api.o)
                              D:\Thuc tap co so\kiemtragiuaki_ttcs_nhom5\thuvien\lib\libLibraries.a(ucg_box.o) (ucg_SetMaxClipRange)
D:\Thuc tap co so\kiemtragiuaki_ttcs_nhom5\thuvien\lib\libLibraries.a(ucg_dev_tft_128x128_st7735.o)
                              D:\Thuc tap co so\kiemtragiuaki_ttcs_nhom5\thuvien\lib\libLibraries.a(Ucglib.o) (ucg_dev_st7735_18x128x128)
D:\Thuc tap co so\kiemtragiuaki_ttcs_nhom5\thuvien\lib\libLibraries.a(ucg_font.o)
                              D:\Thuc tap co so\kiemtragiuaki_ttcs_nhom5\thuvien\lib\libLibraries.a(Ucglib.o) (ucg_SetFontMode)
D:\Thuc tap co so\kiemtragiuaki_ttcs_nhom5\thuvien\lib\libLibraries.a(ucg_init.o)
                              D:\Thuc tap co so\kiemtragiuaki_ttcs_nhom5\thuvien\lib\libLibraries.a(Ucglib.o) (ucg_Init)
D:\Thuc tap co so\kiemtragiuaki_ttcs_nhom5\thuvien\lib\libLibraries.a(ucg_line.o)
                              D:\Thuc tap co so\kiemtragiuaki_ttcs_nhom5\thuvien\lib\libLibraries.a(ucg_font.o) (ucg_Draw90Line)
D:\Thuc tap co so\kiemtragiuaki_ttcs_nhom5\thuvien\lib\libLibraries.a(ucg_pixel.o)
                              ./Src/main.o (ucg_SetColor)
D:\Thuc tap co so\kiemtragiuaki_ttcs_nhom5\thuvien\lib\libLibraries.a(ucg_pixel_font_data.o)
                              ./Src/main.o (ucg_font_ncenR12_hr)
D:\Thuc tap co so\kiemtragiuaki_ttcs_nhom5\thuvien\lib\libLibraries.a(ucg_rotate.o)
                              ./Src/main.o (ucg_SetRotate180)
D:\Thuc tap co so\kiemtragiuaki_ttcs_nhom5\thuvien\lib\libLibraries.a(buff.o)
                              D:\Thuc tap co so\kiemtragiuaki_ttcs_nhom5\thuvien\lib\libLibraries.a(serial.o) (bufInit)
D:\Thuc tap co so\kiemtragiuaki_ttcs_nhom5\thuvien\lib\libLibraries.a(utilities.o)
                              D:\Thuc tap co so\kiemtragiuaki_ttcs_nhom5\thuvien\lib\libLibraries.a(timer.o) (memsetl)
D:\Thuc tap co so\kiemtragiuaki_ttcs_nhom5\thuvien\lib\libLibraries.a(misc.o)
                              D:\Thuc tap co so\kiemtragiuaki_ttcs_nhom5\thuvien\lib\libLibraries.a(serial.o) (NVIC_PriorityGroupConfig)
D:\Thuc tap co so\kiemtragiuaki_ttcs_nhom5\thuvien\lib\libLibraries.a(stm32f401re_usart.o)
                              D:\Thuc tap co so\kiemtragiuaki_ttcs_nhom5\thuvien\lib\libLibraries.a(serial.o) (USART_Init)
D:\Thuc tap co so\kiemtragiuaki_ttcs_nhom5\thuvien\lib\libLibraries.a(ucg_clip.o)
                              D:\Thuc tap co so\kiemtragiuaki_ttcs_nhom5\thuvien\lib\libLibraries.a(ucg_dev_ic_st7735.o) (ucg_clip_is_pixel_visible)
[...]
Memory Configuration

Name             Origin             Length             Attributes
RAM              0x0000000020000000 0x0000000000018000 xrw
FLASH            0x0000000008000000 0x0000000000080000 xr
*default*        0x0000000000000000 0xffffffffffffffff

Linker script and memory map

LOAD C:/ST/STM32CubeIDE_1.14.0/STM32CubeIDE/plugins/com.st.stm32cube.ide.mcu.externaltools.gnu-tools-for-stm32.11.3.rel1.win32_1.1.100.202309141235/tools/bin/../lib/gcc/arm-none-eabi/11.3.1/thumb/v7e-m+fp/hard/crti.o
LOAD C:/ST/STM32CubeIDE_1.14.0/STM32CubeIDE/plugins/com.st.stm32cube.ide.mcu.externaltools.gnu-tools-for-stm32.11.3.rel1.win32_1.1.100.202309141235/tools/bin/../lib/gcc/arm-none-eabi/11.3.1/thumb/v7e-m+fp/hard/crtbegin.o
LOAD C:/ST/STM32CubeIDE_1.14.0/STM32CubeIDE/plugins/com.st.stm32cube.ide.mcu.externaltools.gnu-tools-for-stm32.11.3.rel1.win32_1.1.100.202309141235/tools/bin/../lib/gcc/arm-none-eabi/11.3.1/../../../../arm-none-eabi/lib/thumb/v7e-m+fp/hard/crt0.o
LOAD ./Src/main.o
LOAD ./Src/syscalls.o
LOAD ./Src/sysmem.o
LOAD ./Startup/startup_stm32f401retx.o
LOAD D:\Thuc tap co so\kiemtragiuaki_ttcs_nhom5\thuvien\lib\libLibraries.a
START GROUP
LOAD C:/ST/STM32CubeIDE_1.14.0/STM32CubeIDE/plugins/com.st.stm32cube.ide.mcu.externaltools.gnu-tools-for-stm32.11.3.rel1.win32_1.1.100.202309141235/tools/bin/../lib/gcc/arm-none-eabi/11.3.1/../../../../arm-none-eabi/lib/thumb/v7e-m+fp/hard\libc_nano.a
LOAD C:/ST/STM32CubeIDE_1.14.0/STM32CubeIDE/plugins/com.st.stm32cube.ide.mcu.externaltools.gnu-tools-for-stm32.11.3.rel1.win32_1.1.100.202309141235/tools/bin/../lib/gcc/arm-none-eabi/11.3.1/../../../../arm-none-eabi/lib/thumb/v7e-m+fp/hard\libm.a
END GROUP
START GROUP
LOAD C:/ST/STM32CubeIDE_1.14.0/STM32CubeIDE/plugins/com.st.stm32cube.ide.mcu.externaltools.gnu-tools-for-stm32.11.3.rel1.win32_1.1.100.202309141235/tools/bin/../lib/gcc/arm-none-eabi/11.3.1/thumb/v7e-m+fp/hard\libgcc.a
LOAD C:/ST/STM32CubeIDE_1.14.0/STM32CubeIDE/plugins/com.st.stm32cube.ide.mcu.externaltools.gnu-tools-for-stm32.11.3.rel1.win32_1.1.100.202309141235/tools/bin/../lib/gcc/arm-none-eabi/11.3.1/../../../../arm-none-eabi/lib/thumb/v7e-m+fp/hard\libc_nano.a
END GROUP
START GROUP
LOAD C:/ST/STM32CubeIDE_1.14.0/STM32CubeIDE/plugins/com.st.stm32cube.ide.mcu.externaltools.gnu-tools-for-stm32.11.3.rel1.win32_1.1.100.202309141235/tools/bin/../lib/gcc/arm-none-eabi/11.3.1/thumb/v7e-m+fp/hard\libgcc.a
LOAD C:/ST/STM32CubeIDE_1.14.0/STM32CubeIDE/plugins/com.st.stm32cube.ide.mcu.externaltools.gnu-tools-for-stm32.11.3.rel1.win32_1.1.100.202309141235/tools/bin/../lib/gcc/arm-none-eabi/11.3.1/../../../../arm-none-eabi/lib/thumb/v7e-m+fp/hard\libc_nano.a
LOAD C:/ST/STM32CubeIDE_1.14.0/STM32CubeIDE/plugins/com.st.stm32cube.ide.mcu.externaltools.gnu-tools-for-stm32.11.3.rel1.win32_1.1.100.202309141235/tools/bin/../lib/gcc/arm-none-eabi/11.3.1/../../../../arm-none-eabi/lib/thumb/v7e-m+fp/hard\libnosys.a
END GROUP
START GROUP
LOAD C:/ST/STM32CubeIDE_1.14.0/STM32CubeIDE/plugins/com.st.stm32cube.ide.mcu.externaltools.gnu-tools-for-stm32.11.3.rel1.win32_1.1.100.202309141235/tools/bin/../lib/gcc/arm-none-eabi/11.3.1/thumb/v7e-m+fp/hard\libgcc.a
LOAD C:/ST/STM32CubeIDE_1.14.0/STM32CubeIDE/plugins/com.st.stm32cube.ide.mcu.externaltools.gnu-tools-for-stm32.11.3.rel1.win32_1.1.100.202309141235/tools/bin/../lib/gcc/arm-none-eabi/11.3.1/../../../../arm-none-eabi/lib/thumb/v7e-m+fp/hard\libc_nano.a
LOAD C:/ST/STM32CubeIDE_1.14.0/STM32CubeIDE/plugins/com.st.stm32cube.ide.mcu.externaltools.gnu-tools-for-stm32.11.3.rel1.win32_1.1.100.202309141235/tools/bin/../lib/gcc/arm-none-eabi/11.3.1/../../../../arm-none-eabi/lib/thumb/v7e-m+fp/hard\libnosys.a
END GROUP
LOAD C:/ST/STM32CubeIDE_1.14.0/STM32CubeIDE/plugins/com.st.stm32cube.ide.mcu.externaltools.gnu-tools-for-stm32.11.3.rel1.win32_1.1.100.202309141235/tools/bin/../lib/gcc/arm-none-eabi/11.3.1/thumb/v7e-m+fp/hard/crtend.o
LOAD C:/ST/STM32CubeIDE_1.14.0/STM32CubeIDE/plugins/com.st.stm32cube.ide.mcu.externaltools.gnu-tools-for-stm32.11.3.rel1.win32_1.1.100.202309141235/tools/bin/../lib/gcc/arm-none-eabi/11.3.1/thumb/v7e-m+fp/hard/crtn.o
                0x0000000020018000                _estack = (ORIGIN (RAM) + LENGTH (RAM))
                0x0000000000000200                _Min_Heap_Size = 0x200
                0x0000000000000400                _Min_Stack_Size = 0x400

.isr_vector     0x0000000008000000      0x194
                0x0000000008000000                . = ALIGN (0x4)
 *(.isr_vector)
 .isr_vector    0x0000000008000000      0x194 ./Startup/startup_stm32f401retx.o
                0x0000000008000000                g_pfnVectors
                0x0000000008000194                . = ALIGN (0x4)

.text           0x00000000080001a0     0x4b20
                0x00000000080001a0                . = ALIGN (0x4)
 *(.text)
 .text          0x00000000080001a0       0x40 C:/ST/STM32CubeIDE_1.14.0/STM32CubeIDE/plugins/com.st.stm32cube.ide.mcu.externaltools.gnu-tools-for-stm32.11.3.rel1.win32_1.1.100.202309141235/tools/bin/../lib/gcc/arm-none-eabi/11.3.1/thumb/v7e-m+fp/hard/crtbegin.o
 .text          0x00000000080001e0       0xa0 C:/ST/STM32CubeIDE_1.14.0/STM32CubeIDE/plugins/com.st.stm32cube.ide.mcu.externaltools.gnu-tools-for-stm32.11.3.rel1.win32_1.1.100.202309141235/tools/bin/../lib/gcc/arm-none-eabi/11.3.1/../../../../arm-none-eabi/lib/thumb/v7e-m+fp/hard\libc_nano.a(libc_a-memchr.o)
                0x00000000080001e0                memchr
 *(.text*)
 .text.Led_Init_red1
                0x0000000008000280       0x38 ./Src/main.o
 .text.Led_Init_red2
                0x00000000080002b8       0x3c ./Src/main.o
 .text.Led_Init_blue1
                0x00000000080002f4       0x38 ./Src/main.o
 .text.Led_Init_blue2
                0x000000000800032c       0x3c ./Src/main.o
 .text.Button_Init
                0x0000000008000368       0x34 ./Src/main.o
 .text.Button_Init_b3
                0x000000000800039c       0x34 ./Src/main.o
 .text.Button_Init_b4
                0x00000000080003d0       0x34 ./Src/main.o
 .text.Buzzer_Init
                0x0000000008000404       0x3c ./Src/main.o
 .text.LEDControl_SetStatus
                0x0000000008000440       0x60 ./Src/main.o
 .text.ButtonRead_Status
                0x00000000080004a0       0x2e ./Src/main.o
 .text.BuzzerControl_SetStatus
                0x00000000080004ce       0x60 ./Src/main.o
 *fill*         0x000000000800052e        0x2 
 .text.main     0x0000000008000530      0x108 ./Src/main.o
                0x0000000008000530                main
 .text.delay_ms
                0x0000000008000638       0x30 ./Src/main.o
                0x0000000008000638                delay_ms
 .text.CalculatorTime
                0x0000000008000668       0x34 ./Src/main.o
                0x0000000008000668                CalculatorTime
 .text.AppCommon
                0x000000000800069c       0x7c ./Src/main.o
 .text.SPI1_Init
                0x0000000008000718       0x60 ./Src/main.o
 .text.I2C_Init_temphumi
                0x0000000008000778       0x94 ./Src/main.o
 .text.I2C_start
                0x000000000800080c       0x3c ./Src/main.o
                0x000000000800080c                I2C_start
 .text.I2C_address_direction
                0x0000000008000848       0x60 ./Src/main.o
                0x0000000008000848                I2C_address_direction
 .text.I2C_transmit
                0x00000000080008a8       0x38 ./Src/main.o
                0x00000000080008a8                I2C_transmit
 .text.I2C_stop
                0x00000000080008e0       0x14 ./Src/main.o
                0x00000000080008e0                I2C_stop
 .text.I2C_receive_nack
                0x00000000080008f4       0x30 ./Src/main.o
                0x00000000080008f4                I2C_receive_nack
 .text.I2C_receive_ack
                0x0000000008000924       0x30 ./Src/main.o
                0x0000000008000924                I2C_receive_ack
 .text.TemHumSensor_readRegister
                0x0000000008000954       0xba ./Src/main.o
 *fill*         0x0000000008000a0e        0x2 
 .text.GetTemp_Sensor
                0x0000000008000a10       0x64 ./Src/main.o
                0x0000000008000a10                GetTemp_Sensor
 .text.GetHumi_Sensor
                0x0000000008000a74       0x64 ./Src/main.o
                0x0000000008000a74                GetHumi_Sensor
 .text.processGetValueSensor
                0x0000000008000ad8      0x1a4 ./Src/main.o
                0x0000000008000ad8                processGetValueSensor
 .text.Scan_SensorLCD
                0x0000000008000c7c       0x8c ./Src/main.o
                0x0000000008000c7c                Scan_SensorLCD
 .text.Scan_TimeSensor
                0x0000000008000d08       0x48 ./Src/main.o
                0x0000000008000d08                Scan_TimeSensor
 .text._sbrk    0x0000000008000d50       0x6c ./Src/sysmem.o
                0x0000000008000d50                _sbrk
 .text.Reset_Handler
                0x0000000008000dbc       0x50 ./Startup/startup_stm32f401retx.o
                0x0000000008000dbc                Reset_Handler
 .text.Default_Handler
                0x0000000008000e0c        0x2 ./Startup/startup_stm32f401retx.o
                0x0000000008000e0c                EXTI2_IRQHandler
                0x0000000008000e0c                DebugMon_Handler
                0x0000000008000e0c                SPI4_IRQHandler
                0x0000000008000e0c                TIM1_CC_IRQHandler
                0x0000000008000e0c                DMA2_Stream5_IRQHandler
                0x0000000008000e0c                HardFault_Handler
                0x0000000008000e0c                DMA1_Stream5_IRQHandler
                0x0000000008000e0c                SDIO_IRQHandler
                0x0000000008000e0c                TAMP_STAMP_IRQHandler
                0x0000000008000e0c                PendSV_Handler
                0x0000000008000e0c                NMI_Handler
                0x0000000008000e0c                EXTI3_IRQHandler
                0x0000000008000e0c                TIM1_UP_TIM10_IRQHandler
                0x0000000008000e0c                I2C3_ER_IRQHandler
                0x0000000008000e0c                EXTI18_OTG_FS_WKUP_IRQHandler
                0x0000000008000e0c                EXTI0_IRQHandler
                0x0000000008000e0c                I2C2_EV_IRQHandler
                0x0000000008000e0c                DMA1_Stream2_IRQHandler
                0x0000000008000e0c                UsageFault_Handler
                0x0000000008000e0c                DMA2_Stream2_IRQHandler
                0x0000000008000e0c                SPI1_IRQHandler
                0x0000000008000e0c                TIM1_BRK_TIM9_IRQHandler
                0x0000000008000e0c                DMA2_Stream3_IRQHandler
                0x0000000008000e0c                USART6_IRQHandler
                0x0000000008000e0c                DMA2_Stream0_IRQHandler
                0x0000000008000e0c                TIM4_IRQHandler
                0x0000000008000e0c                I2C1_EV_IRQHandler
                0x0000000008000e0c                DMA1_Stream6_IRQHandler
                0x0000000008000e0c                DMA1_Stream1_IRQHandler
                0x0000000008000e0c                TIM3_IRQHandler
                0x0000000008000e0c                RCC_IRQHandler
                0x0000000008000e0c                Default_Handler
                0x0000000008000e0c                EXTI15_10_IRQHandler
                0x0000000008000e0c                ADC_IRQHandler
                0x0000000008000e0c                DMA1_Stream7_IRQHandler
                0x0000000008000e0c                TIM5_IRQHandler
                0x0000000008000e0c                DMA2_Stream7_IRQHandler
                0x0000000008000e0c                I2C3_EV_IRQHandler
                0x0000000008000e0c                EXTI9_5_IRQHandler
                0x0000000008000e0c                SPI2_IRQHandler
                0x0000000008000e0c                MemManage_Handler
                0x0000000008000e0c                DMA1_Stream0_IRQHandler
                0x0000000008000e0c                SVC_Handler
                0x0000000008000e0c                EXTI4_IRQHandler
                0x0000000008000e0c                EXTI22_RTC_WKUP_IRQHandler
                0x0000000008000e0c                TIM2_IRQHandler
                0x0000000008000e0c                EXTI16_PVD_IRQHandler
                0x0000000008000e0c                TIM1_TRG_COM_TIM11_IRQHandler
                0x0000000008000e0c                EXTI1_IRQHandler
                0x0000000008000e0c                EXTI17_RTC_Alarm_IRQHandler
                0x0000000008000e0c                I2C2_ER_IRQHandler
                0x0000000008000e0c                DMA2_Stream1_IRQHandler
                0x0000000008000e0c                FLASH_IRQHandler
                0x0000000008000e0c                DMA2_Stream4_IRQHandler
                0x0000000008000e0c                BusFault_Handler
                0x0000000008000e0c                USART1_IRQHandler
                0x0000000008000e0c                OTG_FS_IRQHandler
                0x0000000008000e0c                SPI3_IRQHandler
                0x0000000008000e0c                DMA1_Stream4_IRQHandler
                0x0000000008000e0c                I2C1_ER_IRQHandler
                0x0000000008000e0c                DMA2_Stream6_IRQHandler
                0x0000000008000e0c                DMA1_Stream3_IRQHandler
 *fill*         0x0000000008000e0e        0x2 
 .text.SystemInit
                0x0000000008000e10       0x6c D:\Thuc tap co so\kiemtragiuaki_ttcs_nhom5\thuvien\lib\libLibraries.a(system_stm32f4xx.o)
                0x0000000008000e10                SystemInit
 .text.SystemCoreClockUpdate
                0x0000000008000e7c       0xf8 D:\Thuc tap co so\kiemtragiuaki_ttcs_nhom5\thuvien\lib\libLibraries.a(system_stm32f4xx.o)
                0x0000000008000e7c                SystemCoreClockUpdate
 .text.SetSysClock
                0x0000000008000f74       0xa0 D:\Thuc tap co so\kiemtragiuaki_ttcs_nhom5\thuvien\lib\libLibraries.a(system_stm32f4xx.o)
 .text.GPIO_Init
                0x0000000008001014      0x11c D:\Thuc tap co so\kiemtragiuaki_ttcs_nhom5\thuvien\lib\libLibraries.a(stm32f401re_gpio.o)
                0x0000000008001014                GPIO_Init
 .text.GPIO_WriteBit
                0x0000000008001130       0x30 D:\Thuc tap co so\kiemtragiuaki_ttcs_nhom5\thuvien\lib\libLibraries.a(stm32f401re_gpio.o)
                0x0000000008001130                GPIO_WriteBit
 .text.GPIO_PinAFConfig
                0x0000000008001160       0x92 D:\Thuc tap co so\kiemtragiuaki_ttcs_nhom5\thuvien\lib\libLibraries.a(stm32f401re_gpio.o)
                0x0000000008001160                GPIO_PinAFConfig
 *fill*         0x00000000080011f2        0x2 
 .text.I2C_Init
                0x00000000080011f4      0x184 D:\Thuc tap co so\kiemtragiuaki_ttcs_nhom5\thuvien\lib\libLibraries.a(stm32f401re_i2c.o)
                0x00000000080011f4                I2C_Init
 .text.I2C_Cmd  0x0000000008001378       0x40 D:\Thuc tap co so\kiemtragiuaki_ttcs_nhom5\thuvien\lib\libLibraries.a(stm32f401re_i2c.o)
                0x0000000008001378                I2C_Cmd
 .text.I2C_GenerateSTART
                0x00000000080013b8       0x40 D:\Thuc tap co so\kiemtragiuaki_ttcs_nhom5\thuvien\lib\libLibraries.a(stm32f401re_i2c.o)
                0x00000000080013b8                I2C_GenerateSTART
 .text.I2C_GenerateSTOP
                0x00000000080013f8       0x40 D:\Thuc tap co so\kiemtragiuaki_ttcs_nhom5\thuvien\lib\libLibraries.a(stm32f401re_i2c.o)
                0x00000000080013f8                I2C_GenerateSTOP
 .text.I2C_Send7bitAddress
                0x0000000008001438       0x3c D:\Thuc tap co so\kiemtragiuaki_ttcs_nhom5\thuvien\lib\libLibraries.a(stm32f401re_i2c.o)
                0x0000000008001438                I2C_Send7bitAddress
 .text.I2C_AcknowledgeConfig
                0x0000000008001474       0x40 D:\Thuc tap co so\kiemtragiuaki_ttcs_nhom5\thuvien\lib\libLibraries.a(stm32f401re_i2c.o)
                0x0000000008001474                I2C_AcknowledgeConfig
 .text.I2C_SendData
                0x00000000080014b4       0x20 D:\Thuc tap co so\kiemtragiuaki_ttcs_nhom5\thuvien\lib\libLibraries.a(stm32f401re_i2c.o)
                0x00000000080014b4                I2C_SendData
 .text.I2C_ReceiveData
                0x00000000080014d4       0x1c D:\Thuc tap co so\kiemtragiuaki_ttcs_nhom5\thuvien\lib\libLibraries.a(stm32f401re_i2c.o)
                0x00000000080014d4                I2C_ReceiveData
 .text.I2C_CheckEvent
                0x00000000080014f0       0x60 D:\Thuc tap co so\kiemtragiuaki_ttcs_nhom5\thuvien\lib\libLibraries.a(stm32f401re_i2c.o)
                0x00000000080014f0                I2C_CheckEvent
 .text.I2C_GetFlagStatus
                0x0000000008001550       0x66 D:\Thuc tap co so\kiemtragiuaki_ttcs_nhom5\thuvien\lib\libLibraries.a(stm32f401re_i2c.o)
                0x0000000008001550                I2C_GetFlagStatus
 *fill*         0x00000000080015b6        0x2 
 .text.RCC_GetClocksFreq
                0x00000000080015b8      0x150 D:\Thuc tap co so\kiemtragiuaki_ttcs_nhom5\thuvien\lib\libLibraries.a(stm32f401re_rcc.o)
                0x00000000080015b8                RCC_GetClocksFreq
 .text.RCC_AHB1PeriphClockCmd
                0x0000000008001708       0x40 D:\Thuc tap co so\kiemtragiuaki_ttcs_nhom5\thuvien\lib\libLibraries.a(stm32f401re_rcc.o)
                0x0000000008001708                RCC_AHB1PeriphClockCmd
 .text.RCC_APB1PeriphClockCmd
                0x0000000008001748       0x40 D:\Thuc tap co so\kiemtragiuaki_ttcs_nhom5\thuvien\lib\libLibraries.a(stm32f401re_rcc.o)
                0x0000000008001748                RCC_APB1PeriphClockCmd
 .text.NVIC_SetPriority
                0x0000000008001788       0x54 D:\Thuc tap co so\kiemtragiuaki_ttcs_nhom5\thuvien\lib\libLibraries.a(timer.o)
 .text.SysTick_Config
                0x00000000080017dc       0x44 D:\Thuc tap co so\kiemtragiuaki_ttcs_nhom5\thuvien\lib\libLibraries.a(timer.o)
 .text.TimerInit
                0x0000000008001820       0x44 D:\Thuc tap co so\kiemtragiuaki_ttcs_nhom5\thuvien\lib\libLibraries.a(timer.o)
                0x0000000008001820                TimerInit
 .text.TimerStart
                0x0000000008001864       0xc4 D:\Thuc tap co so\kiemtragiuaki_ttcs_nhom5\thuvien\lib\libLibraries.a(timer.o)
                0x0000000008001864                TimerStart
 .text.TimerStop
                0x0000000008001928       0xa0 D:\Thuc tap co so\kiemtragiuaki_ttcs_nhom5\thuvien\lib\libLibraries.a(timer.o)
                0x0000000008001928                TimerStop
 .text.GetMilSecTick
                0x00000000080019c8       0x18 D:\Thuc tap co so\kiemtragiuaki_ttcs_nhom5\thuvien\lib\libLibraries.a(timer.o)
                0x00000000080019c8                GetMilSecTick
 .text.processTimerScheduler
                0x00000000080019e0       0xf0 D:\Thuc tap co so\kiemtragiuaki_ttcs_nhom5\thuvien\lib\libLibraries.a(timer.o)
                0x00000000080019e0                processTimerScheduler
 .text.TimeExpired
                0x0000000008001ad0       0xcc D:\Thuc tap co so\kiemtragiuaki_ttcs_nhom5\thuvien\lib\libLibraries.a(timer.o)
 .text.SysTick_Handler
                0x0000000008001b9c       0x1c D:\Thuc tap co so\kiemtragiuaki_ttcs_nhom5\thuvien\lib\libLibraries.a(timer.o)
                0x0000000008001b9c                SysTick_Handler
 .text.TemHumSensor_Init
                0x0000000008001bb8        0xc D:\Thuc tap co so\kiemtragiuaki_ttcs_nhom5\thuvien\lib\libLibraries.a(temhumsensor.o)
                0x0000000008001bb8                TemHumSensor_Init
 .text.i2c_config
                0x0000000008001bc4       0x94 D:\Thuc tap co so\kiemtragiuaki_ttcs_nhom5\thuvien\lib\libLibraries.a(temhumsensor.o)
                0x0000000008001bc4                i2c_config
 .text.USART2_IRQHandler
                0x0000000008001c58       0x50 D:\Thuc tap co so\kiemtragiuaki_ttcs_nhom5\thuvien\lib\libLibraries.a(serial.o)
                0x0000000008001c58                USART2_IRQHandler
 .text.delayMicroseconds
                0x0000000008001ca8       0x14 D:\Thuc tap co so\kiemtragiuaki_ttcs_nhom5\thuvien\lib\libLibraries.a(Ucglib.o)
 .text.ucg_gpio_init
                0x0000000008001cbc       0x60 D:\Thuc tap co so\kiemtragiuaki_ttcs_nhom5\thuvien\lib\libLibraries.a(Ucglib.o)
 .text.ucg_com_arduino_send_generic_SW_SPI
                0x0000000008001d1c       0x74 D:\Thuc tap co so\kiemtragiuaki_ttcs_nhom5\thuvien\lib\libLibraries.a(Ucglib.o)
 .text.ucg_com_arduino_generic_SW_SPI
                0x0000000008001d90      0x1ec D:\Thuc tap co so\kiemtragiuaki_ttcs_nhom5\thuvien\lib\libLibraries.a(Ucglib.o)
 .text.Ucglib4WireSWSPI_begin
                0x0000000008001f7c       0x38 D:\Thuc tap co so\kiemtragiuaki_ttcs_nhom5\thuvien\lib\libLibraries.a(Ucglib.o)
                0x0000000008001f7c                Ucglib4WireSWSPI_begin
 .text.ucg_DrawBox
                0x0000000008001fb4       0x56 D:\Thuc tap co so\kiemtragiuaki_ttcs_nhom5\thuvien\lib\libLibraries.a(ucg_box.o)
                0x0000000008001fb4                ucg_DrawBox
 .text.ucg_ClearScreen
                0x000000000800200a       0x50 D:\Thuc tap co so\kiemtragiuaki_ttcs_nhom5\thuvien\lib\libLibraries.a(ucg_box.o)
                0x000000000800200a                ucg_ClearScreen
 .text.ucg_ccs_init
                0x000000000800205a       0xc0 D:\Thuc tap co so\kiemtragiuaki_ttcs_nhom5\thuvien\lib\libLibraries.a(ucg_ccs.o)
                0x000000000800205a                ucg_ccs_init
 .text.ucg_ccs_step
                0x000000000800211a       0x80 D:\Thuc tap co so\kiemtragiuaki_ttcs_nhom5\thuvien\lib\libLibraries.a(ucg_ccs.o)
                0x000000000800211a                ucg_ccs_step
 .text.ucg_ccs_seek
                0x000000000800219a       0xca D:\Thuc tap co so\kiemtragiuaki_ttcs_nhom5\thuvien\lib\libLibraries.a(ucg_ccs.o)
                0x000000000800219a                ucg_ccs_seek
 .text.ucg_dev_default_cb
                0x0000000008002264       0x44 D:\Thuc tap co so\kiemtragiuaki_ttcs_nhom5\thuvien\lib\libLibraries.a(ucg_dev_default_cb.o)
                0x0000000008002264                ucg_dev_default_cb
 .text.ucg_ext_none
                0x00000000080022a8       0x1c D:\Thuc tap co so\kiemtragiuaki_ttcs_nhom5\thuvien\lib\libLibraries.a(ucg_dev_default_cb.o)
                0x00000000080022a8                ucg_ext_none
 .text.ucg_handle_st7735_l90fx
                0x00000000080022c4       0xd8 D:\Thuc tap co so\kiemtragiuaki_ttcs_nhom5\thuvien\lib\libLibraries.a(ucg_dev_ic_st7735.o)
                0x00000000080022c4                ucg_handle_st7735_l90fx
 .text.ucg_handle_st7735_l90se
                0x000000000800239c      0x154 D:\Thuc tap co so\kiemtragiuaki_ttcs_nhom5\thuvien\lib\libLibraries.a(ucg_dev_ic_st7735.o)
                0x000000000800239c                ucg_handle_st7735_l90se
 .text.ucg_dev_ic_st7735_18
                0x00000000080024f0       0xf8 D:\Thuc tap co so\kiemtragiuaki_ttcs_nhom5\thuvien\lib\libLibraries.a(ucg_dev_ic_st7735.o)
                0x00000000080024f0                ucg_dev_ic_st7735_18
 .text.ucg_ext_st7735_18
                0x00000000080025e8       0x28 D:\Thuc tap co so\kiemtragiuaki_ttcs_nhom5\thuvien\lib\libLibraries.a(ucg_dev_ic_st7735.o)
                0x00000000080025e8                ucg_ext_st7735_18
 .text.ucg_PowerDown
                0x0000000008002610       0x34 D:\Thuc tap co so\kiemtragiuaki_ttcs_nhom5\thuvien\lib\libLibraries.a(ucg_dev_msg_api.o)
                0x0000000008002610                ucg_PowerDown
 .text.ucg_PowerUp
                0x0000000008002644       0x3c D:\Thuc tap co so\kiemtragiuaki_ttcs_nhom5\thuvien\lib\libLibraries.a(ucg_dev_msg_api.o)
                0x0000000008002644                ucg_PowerUp
 .text.ucg_SetClipBox
                0x0000000008002680       0x1e D:\Thuc tap co so\kiemtragiuaki_ttcs_nhom5\thuvien\lib\libLibraries.a(ucg_dev_msg_api.o)
                0x0000000008002680                ucg_SetClipBox
 .text.ucg_SetMaxClipRange
                0x000000000800269e       0x30 D:\Thuc tap co so\kiemtragiuaki_ttcs_nhom5\thuvien\lib\libLibraries.a(ucg_dev_msg_api.o)
                0x000000000800269e                ucg_SetMaxClipRange
 .text.ucg_GetDimension
                0x00000000080026ce       0x24 D:\Thuc tap co so\kiemtragiuaki_ttcs_nhom5\thuvien\lib\libLibraries.a(ucg_dev_msg_api.o)
                0x00000000080026ce                ucg_GetDimension
 .text.ucg_DrawL90FXWithArg
                0x00000000080026f2       0x1e D:\Thuc tap co so\kiemtragiuaki_ttcs_nhom5\thuvien\lib\libLibraries.a(ucg_dev_msg_api.o)
                0x00000000080026f2                ucg_DrawL90FXWithArg
 .text.ucg_dev_st7735_18x128x128
                0x0000000008002710       0x80 D:\Thuc tap co so\kiemtragiuaki_ttcs_nhom5\thuvien\lib\libLibraries.a(ucg_dev_tft_128x128_st7735.o)
                0x0000000008002710                ucg_dev_st7735_18x128x128
 .text.ucg_font_get_byte
                0x0000000008002790       0x24 D:\Thuc tap co so\kiemtragiuaki_ttcs_nhom5\thuvien\lib\libLibraries.a(ucg_font.o)
 .text.ucg_font_get_word
                0x00000000080027b4       0x40 D:\Thuc tap co so\kiemtragiuaki_ttcs_nhom5\thuvien\lib\libLibraries.a(ucg_font.o)
 .text.ucg_read_font_info
                0x00000000080027f4      0x142 D:\Thuc tap co so\kiemtragiuaki_ttcs_nhom5\thuvien\lib\libLibraries.a(ucg_font.o)
                0x00000000080027f4                ucg_read_font_info
 .text.ucg_font_decode_get_unsigned_bits
                0x0000000008002936       0x96 D:\Thuc tap co so\kiemtragiuaki_ttcs_nhom5\thuvien\lib\libLibraries.a(ucg_font.o)
                0x0000000008002936                ucg_font_decode_get_unsigned_bits
 .text.ucg_font_decode_get_signed_bits
                0x00000000080029cc       0x46 D:\Thuc tap co so\kiemtragiuaki_ttcs_nhom5\thuvien\lib\libLibraries.a(ucg_font.o)
                0x00000000080029cc                ucg_font_decode_get_signed_bits
 .text.ucg_add_vector_y
                0x0000000008002a12       0x7a D:\Thuc tap co so\kiemtragiuaki_ttcs_nhom5\thuvien\lib\libLibraries.a(ucg_font.o)
 .text.ucg_add_vector_x
                0x0000000008002a8c       0x7a D:\Thuc tap co so\kiemtragiuaki_ttcs_nhom5\thuvien\lib\libLibraries.a(ucg_font.o)
 .text.ucg_font_decode_len
                0x0000000008002b06      0x118 D:\Thuc tap co so\kiemtragiuaki_ttcs_nhom5\thuvien\lib\libLibraries.a(ucg_font.o)
                0x0000000008002b06                ucg_font_decode_len
 .text.ucg_font_setup_decode
                0x0000000008002c1e       0x64 D:\Thuc tap co so\kiemtragiuaki_ttcs_nhom5\thuvien\lib\libLibraries.a(ucg_font.o)
 .text.ucg_font_decode_glyph
                0x0000000008002c82      0x14c D:\Thuc tap co so\kiemtragiuaki_ttcs_nhom5\thuvien\lib\libLibraries.a(ucg_font.o)
                0x0000000008002c82                ucg_font_decode_glyph
 .text.ucg_font_get_glyph_data
                0x0000000008002dce       0x7a D:\Thuc tap co so\kiemtragiuaki_ttcs_nhom5\thuvien\lib\libLibraries.a(ucg_font.o)
                0x0000000008002dce                ucg_font_get_glyph_data
 .text.ucg_font_draw_glyph
                0x0000000008002e48       0x62 D:\Thuc tap co so\kiemtragiuaki_ttcs_nhom5\thuvien\lib\libLibraries.a(ucg_font.o)
                0x0000000008002e48                ucg_font_draw_glyph
 .text.ucg_SetFontMode
                0x0000000008002eaa       0x20 D:\Thuc tap co so\kiemtragiuaki_ttcs_nhom5\thuvien\lib\libLibraries.a(ucg_font.o)
                0x0000000008002eaa                ucg_SetFontMode
 *fill*         0x0000000008002eca        0x2 
 .text.ucg_DrawGlyph
                0x0000000008002ecc       0xb0 D:\Thuc tap co so\kiemtragiuaki_ttcs_nhom5\thuvien\lib\libLibraries.a(ucg_font.o)
                0x0000000008002ecc                ucg_DrawGlyph
 .text.task_drawString
                0x0000000008002f7c      0x138 D:\Thuc tap co so\kiemtragiuaki_ttcs_nhom5\thuvien\lib\libLibraries.a(ucg_font.o)
                0x0000000008002f7c                task_drawString
 .text.ucg_DrawString
                0x00000000080030b4       0x78 D:\Thuc tap co so\kiemtragiuaki_ttcs_nhom5\thuvien\lib\libLibraries.a(ucg_font.o)
                0x00000000080030b4                ucg_DrawString
 .text.ucg_UpdateRefHeight
                0x000000000800312c       0xd8 D:\Thuc tap co so\kiemtragiuaki_ttcs_nhom5\thuvien\lib\libLibraries.a(ucg_font.o)
                0x000000000800312c                ucg_UpdateRefHeight
 .text.ucg_font_calc_vref_font
                0x0000000008003204       0x16 D:\Thuc tap co so\kiemtragiuaki_ttcs_nhom5\thuvien\lib\libLibraries.a(ucg_font.o)
                0x0000000008003204                ucg_font_calc_vref_font
 *fill*         0x000000000800321a        0x2 
 .text.ucg_SetFontPosBaseline
                0x000000000800321c       0x20 D:\Thuc tap co so\kiemtragiuaki_ttcs_nhom5\thuvien\lib\libLibraries.a(ucg_font.o)
                0x000000000800321c                ucg_SetFontPosBaseline
 .text.ucg_SetFont
                0x000000000800323c       0x4c D:\Thuc tap co so\kiemtragiuaki_ttcs_nhom5\thuvien\lib\libLibraries.a(ucg_font.o)
                0x000000000800323c                ucg_SetFont
 .text.ucg_init_struct
                0x0000000008003288       0x50 D:\Thuc tap co so\kiemtragiuaki_ttcs_nhom5\thuvien\lib\libLibraries.a(ucg_init.o)
                0x0000000008003288                ucg_init_struct
 .text.ucg_Init
                0x00000000080032d8       0x5c D:\Thuc tap co so\kiemtragiuaki_ttcs_nhom5\thuvien\lib\libLibraries.a(ucg_init.o)
                0x00000000080032d8                ucg_Init
 .text.ucg_Draw90Line
                0x0000000008003334       0x88 D:\Thuc tap co so\kiemtragiuaki_ttcs_nhom5\thuvien\lib\libLibraries.a(ucg_line.o)
                0x0000000008003334                ucg_Draw90Line
 .text.ucg_DrawHLine
                0x00000000080033bc       0x3e D:\Thuc tap co so\kiemtragiuaki_ttcs_nhom5\thuvien\lib\libLibraries.a(ucg_line.o)
                0x00000000080033bc                ucg_DrawHLine
 .text.ucg_SetColor
                0x00000000080033fa       0x5c D:\Thuc tap co so\kiemtragiuaki_ttcs_nhom5\thuvien\lib\libLibraries.a(ucg_pixel.o)
                0x00000000080033fa                ucg_SetColor
 .text.ucg_UndoRotate
                0x0000000008003456       0x32 D:\Thuc tap co so\kiemtragiuaki_ttcs_nhom5\thuvien\lib\libLibraries.a(ucg_rotate.o)
                0x0000000008003456                ucg_UndoRotate
 .text.ucg_rotate_180_xy
                0x0000000008003488       0x66 D:\Thuc tap co so\kiemtragiuaki_ttcs_nhom5\thuvien\lib\libLibraries.a(ucg_rotate.o)
 *fill*         0x00000000080034ee        0x2 
 .text.ucg_dev_rotate180
                0x00000000080034f0      0x100 D:\Thuc tap co so\kiemtragiuaki_ttcs_nhom5\thuvien\lib\libLibraries.a(ucg_rotate.o)
                0x00000000080034f0                ucg_dev_rotate180
 .text.ucg_SetRotate180
                0x00000000080035f0       0x34 D:\Thuc tap co so\kiemtragiuaki_ttcs_nhom5\thuvien\lib\libLibraries.a(ucg_rotate.o)
                0x00000000080035f0                ucg_SetRotate180
 .text.bufInit  0x0000000008003624       0x36 D:\Thuc tap co so\kiemtragiuaki_ttcs_nhom5\thuvien\lib\libLibraries.a(buff.o)
                0x0000000008003624                bufInit
 .text.bufNumItems
                0x000000000800365a       0x18 D:\Thuc tap co so\kiemtragiuaki_ttcs_nhom5\thuvien\lib\libLibraries.a(buff.o)
                0x000000000800365a                bufNumItems
 .text.bufIsFull
                0x0000000008003672       0x26 D:\Thuc tap co so\kiemtragiuaki_ttcs_nhom5\thuvien\lib\libLibraries.a(buff.o)
                0x0000000008003672                bufIsFull
 .text.bufIsEmpty
                0x0000000008003698       0x26 D:\Thuc tap co so\kiemtragiuaki_ttcs_nhom5\thuvien\lib\libLibraries.a(buff.o)
                0x0000000008003698                bufIsEmpty
 .text.bufFlush
                0x00000000080036be       0x32 D:\Thuc tap co so\kiemtragiuaki_ttcs_nhom5\thuvien\lib\libLibraries.a(buff.o)
                0x00000000080036be                bufFlush
 .text.bufEnDat
                0x00000000080036f0       0x9c D:\Thuc tap co so\kiemtragiuaki_ttcs_nhom5\thuvien\lib\libLibraries.a(buff.o)
                0x00000000080036f0                bufEnDat
 .text.bufDeDat
                0x000000000800378c       0x84 D:\Thuc tap co so\kiemtragiuaki_ttcs_nhom5\thuvien\lib\libLibraries.a(buff.o)
                0x000000000800378c                bufDeDat
 .text.memsetl  0x0000000008003810       0x32 D:\Thuc tap co so\kiemtragiuaki_ttcs_nhom5\thuvien\lib\libLibraries.a(utilities.o)
                0x0000000008003810                memsetl
 .text.USART_ReceiveData
                0x0000000008003842       0x20 D:\Thuc tap co so\kiemtragiuaki_ttcs_nhom5\thuvien\lib\libLibraries.a(stm32f401re_usart.o)
                0x0000000008003842                USART_ReceiveData
 .text.USART_GetITStatus
                0x0000000008003862       0xb6 D:\Thuc tap co so\kiemtragiuaki_ttcs_nhom5\thuvien\lib\libLibraries.a(stm32f401re_usart.o)
                0x0000000008003862                USART_GetITStatus
 .text.USART_ClearITPendingBit
                0x0000000008003918       0x3a D:\Thuc tap co so\kiemtragiuaki_ttcs_nhom5\thuvien\lib\libLibraries.a(stm32f401re_usart.o)
                0x0000000008003918                USART_ClearITPendingBit
 .text.ucg_clip_is_x_visible
                0x0000000008003952       0x4a D:\Thuc tap co so\kiemtragiuaki_ttcs_nhom5\thuvien\lib\libLibraries.a(ucg_clip.o)
 .text.ucg_clip_is_y_visible
                0x000000000800399c       0x4a D:\Thuc tap co so\kiemtragiuaki_ttcs_nhom5\thuvien\lib\libLibraries.a(ucg_clip.o)
 .text.ucg_clip_intersection
                0x00000000080039e6       0x74 D:\Thuc tap co so\kiemtragiuaki_ttcs_nhom5\thuvien\lib\libLibraries.a(ucg_clip.o)
 .text.ucg_clip_is_pixel_visible
                0x0000000008003a5a       0x32 D:\Thuc tap co so\kiemtragiuaki_ttcs_nhom5\thuvien\lib\libLibraries.a(ucg_clip.o)
                0x0000000008003a5a                ucg_clip_is_pixel_visible
 .text.ucg_clip_l90fx
                0x0000000008003a8c      0x300 D:\Thuc tap co so\kiemtragiuaki_ttcs_nhom5\thuvien\lib\libLibraries.a(ucg_clip.o)
                0x0000000008003a8c                ucg_clip_l90fx
 .text.ucg_clip_l90se
                0x0000000008003d8c       0x54 D:\Thuc tap co so\kiemtragiuaki_ttcs_nhom5\thuvien\lib\libLibraries.a(ucg_clip.o)
                0x0000000008003d8c                ucg_clip_l90se
 .text.ucg_com_PowerDown
                0x0000000008003de0       0x3e D:\Thuc tap co so\kiemtragiuaki_ttcs_nhom5\thuvien\lib\libLibraries.a(ucg_com_msg_api.o)
                0x0000000008003de0                ucg_com_PowerDown
 .text.ucg_com_PowerUp
                0x0000000008003e1e       0x60 D:\Thuc tap co so\kiemtragiuaki_ttcs_nhom5\thuvien\lib\libLibraries.a(ucg_com_msg_api.o)
                0x0000000008003e1e                ucg_com_PowerUp
 .text.ucg_com_SetLineStatus
                0x0000000008003e7e       0xe2 D:\Thuc tap co so\kiemtragiuaki_ttcs_nhom5\thuvien\lib\libLibraries.a(ucg_com_msg_api.o)
                0x0000000008003e7e                ucg_com_SetLineStatus
 .text.ucg_com_SetResetLineStatus
                0x0000000008003f60       0x20 D:\Thuc tap co so\kiemtragiuaki_ttcs_nhom5\thuvien\lib\libLibraries.a(ucg_com_msg_api.o)
                0x0000000008003f60                ucg_com_SetResetLineStatus
 .text.ucg_com_SetCSLineStatus
                0x0000000008003f80       0x20 D:\Thuc tap co so\kiemtragiuaki_ttcs_nhom5\thuvien\lib\libLibraries.a(ucg_com_msg_api.o)
                0x0000000008003f80                ucg_com_SetCSLineStatus
 .text.ucg_com_SetCDLineStatus
                0x0000000008003fa0       0x20 D:\Thuc tap co so\kiemtragiuaki_ttcs_nhom5\thuvien\lib\libLibraries.a(ucg_com_msg_api.o)
                0x0000000008003fa0                ucg_com_SetCDLineStatus
 .text.ucg_com_DelayMicroseconds
                0x0000000008003fc0       0x22 D:\Thuc tap co so\kiemtragiuaki_ttcs_nhom5\thuvien\lib\libLibraries.a(ucg_com_msg_api.o)
                0x0000000008003fc0                ucg_com_DelayMicroseconds
 .text.ucg_com_DelayMilliseconds
                0x0000000008003fe2       0x2c D:\Thuc tap co so\kiemtragiuaki_ttcs_nhom5\thuvien\lib\libLibraries.a(ucg_com_msg_api.o)
                0x0000000008003fe2                ucg_com_DelayMilliseconds
 .text.ucg_com_SendByte
                0x000000000800400e       0x24 D:\Thuc tap co so\kiemtragiuaki_ttcs_nhom5\thuvien\lib\libLibraries.a(ucg_com_msg_api.o)
                0x000000000800400e                ucg_com_SendByte
 .text.ucg_com_SendStringP
                0x0000000008004032       0x40 D:\Thuc tap co so\kiemtragiuaki_ttcs_nhom5\thuvien\lib\libLibraries.a(ucg_com_msg_api.o)
                0x0000000008004032                ucg_com_SendStringP
 .text.ucg_com_SendCmdArg
                0x0000000008004072       0x74 D:\Thuc tap co so\kiemtragiuaki_ttcs_nhom5\thuvien\lib\libLibraries.a(ucg_com_msg_api.o)
 *fill*         0x00000000080040e6        0x2 
 .text.ucg_com_SendCmdSeq
                0x00000000080040e8      0x278 D:\Thuc tap co so\kiemtragiuaki_ttcs_nhom5\thuvien\lib\libLibraries.a(ucg_com_msg_api.o)
                0x00000000080040e8                ucg_com_SendCmdSeq
 .text.sprintf  0x0000000008004360       0x40 C:/ST/STM32CubeIDE_1.14.0/STM32CubeIDE/plugins/com.st.stm32cube.ide.mcu.externaltools.gnu-tools-for-stm32.11.3.rel1.win32_1.1.100.202309141235/tools/bin/../lib/gcc/arm-none-eabi/11.3.1/../../../../arm-none-eabi/lib/thumb/v7e-m+fp/hard\libc_nano.a(libc_a-sprintf.o)
                0x0000000008004360                siprintf
                0x0000000008004360                sprintf
 .text.memset   0x00000000080043a0       0x10 C:/ST/STM32CubeIDE_1.14.0/STM32CubeIDE/plugins/com.st.stm32cube.ide.mcu.externaltools.gnu-tools-for-stm32.11.3.rel1.win32_1.1.100.202309141235/tools/bin/../lib/gcc/arm-none-eabi/11.3.1/../../../../arm-none-eabi/lib/thumb/v7e-m+fp/hard\libc_nano.a(libc_a-memset.o)
                0x00000000080043a0                memset
 .text.__errno  0x00000000080043b0        0xc C:/ST/STM32CubeIDE_1.14.0/STM32CubeIDE/plugins/com.st.stm32cube.ide.mcu.externaltools.gnu-tools-for-stm32.11.3.rel1.win32_1.1.100.202309141235/tools/bin/../lib/gcc/arm-none-eabi/11.3.1/../../../../arm-none-eabi/lib/thumb/v7e-m+fp/hard\libc_nano.a(libc_a-errno.o)
                0x00000000080043b0                __errno
 .text.__libc_init_array
                0x00000000080043bc       0x48 C:/ST/STM32CubeIDE_1.14.0/STM32CubeIDE/plugins/com.st.stm32cube.ide.mcu.externaltools.gnu-tools-for-stm32.11.3.rel1.win32_1.1.100.202309141235/tools/bin/../lib/gcc/arm-none-eabi/11.3.1/../../../../arm-none-eabi/lib/thumb/v7e-m+fp/hard\libc_nano.a(libc_a-init.o)
                0x00000000080043bc                __libc_init_array
 .text.__retarget_lock_acquire_recursive
                0x0000000008004404        0x2 C:/ST/STM32CubeIDE_1.14.0/STM32CubeIDE/plugins/com.st.stm32cube.ide.mcu.externaltools.gnu-tools-for-stm32.11.3.rel1.win32_1.1.100.202309141235/tools/bin/../lib/gcc/arm-none-eabi/11.3.1/../../../../arm-none-eabi/lib/thumb/v7e-m+fp/hard\libc_nano.a(libc_a-lock.o)
                0x0000000008004404                __retarget_lock_acquire_recursive
 .text.__retarget_lock_release_recursive
                0x0000000008004406        0x2 C:/ST/STM32CubeIDE_1.14.0/STM32CubeIDE/plugins/com.st.stm32cube.ide.mcu.externaltools.gnu-tools-for-stm32.11.3.rel1.win32_1.1.100.202309141235/tools/bin/../lib/gcc/arm-none-eabi/11.3.1/../../../../arm-none-eabi/lib/thumb/v7e-m+fp/hard\libc_nano.a(libc_a-lock.o)
                0x0000000008004406                __retarget_lock_release_recursive
 .text._free_r  0x0000000008004408       0x98 C:/ST/STM32CubeIDE_1.14.0/STM32CubeIDE/plugins/com.st.stm32cube.ide.mcu.externaltools.gnu-tools-for-stm32.11.3.rel1.win32_1.1.100.202309141235/tools/bin/../lib/gcc/arm-none-eabi/11.3.1/../../../../arm-none-eabi/lib/thumb/v7e-m+fp/hard\libc_nano.a(libc_a-freer.o)
                0x0000000008004408                _free_r
 .text.sbrk_aligned
                0x00000000080044a0       0x40 C:/ST/STM32CubeIDE_1.14.0/STM32CubeIDE/plugins/com.st.stm32cube.ide.mcu.externaltools.gnu-tools-for-stm32.11.3.rel1.win32_1.1.100.202309141235/tools/bin/../lib/gcc/arm-none-eabi/11.3.1/../../../../arm-none-eabi/lib/thumb/v7e-m+fp/hard\libc_nano.a(libc_a-mallocr.o)
 .text._malloc_r
                0x00000000080044e0      0x100 C:/ST/STM32CubeIDE_1.14.0/STM32CubeIDE/plugins/com.st.stm32cube.ide.mcu.externaltools.gnu-tools-for-stm32.11.3.rel1.win32_1.1.100.202309141235/tools/bin/../lib/gcc/arm-none-eabi/11.3.1/../../../../arm-none-eabi/lib/thumb/v7e-m+fp/hard\libc_nano.a(libc_a-mallocr.o)
                0x00000000080044e0                _malloc_r
 .text.__malloc_lock
                0x00000000080045e0        0xc C:/ST/STM32CubeIDE_1.14.0/STM32CubeIDE/plugins/com.st.stm32cube.ide.mcu.externaltools.gnu-tools-for-stm32.11.3.rel1.win32_1.1.100.202309141235/tools/bin/../lib/gcc/arm-none-eabi/11.3.1/../../../../arm-none-eabi/lib/thumb/v7e-m+fp/hard\libc_nano.a(libc_a-mlock.o)
                0x00000000080045e0                __malloc_lock
 .text.__malloc_unlock
                0x00000000080045ec        0xc C:/ST/STM32CubeIDE_1.14.0/STM32CubeIDE/plugins/com.st.stm32cube.ide.mcu.externaltools.gnu-tools-for-stm32.11.3.rel1.win32_1.1.100.202309141235/tools/bin/../lib/gcc/arm-none-eabi/11.3.1/../../../../arm-none-eabi/lib/thumb/v7e-m+fp/hard\libc_nano.a(libc_a-mlock.o)
                0x00000000080045ec                __malloc_unlock
 .text.__ssputs_r
                0x00000000080045f8       0xb4 C:/ST/STM32CubeIDE_1.14.0/STM32CubeIDE/plugins/com.st.stm32cube.ide.mcu.externaltools.gnu-tools-for-stm32.11.3.rel1.win32_1.1.100.202309141235/tools/bin/../lib/gcc/arm-none-eabi/11.3.1/../../../../arm-none-eabi/lib/thumb/v7e-m+fp/hard\libc_nano.a(libc_a-nano-svfprintf.o)
                0x00000000080045f8                __ssputs_r
 .text._svfprintf_r
                0x00000000080046ac      0x1fc C:/ST/STM32CubeIDE_1.14.0/STM32CubeIDE/plugins/com.st.stm32cube.ide.mcu.externaltools.gnu-tools-for-stm32.11.3.rel1.win32_1.1.100.202309141235/tools/bin/../lib/gcc/arm-none-eabi/11.3.1/../../../../arm-none-eabi/lib/thumb/v7e-m+fp/hard\libc_nano.a(libc_a-nano-svfprintf.o)
                0x00000000080046ac                _svfiprintf_r
                0x00000000080046ac                _svfprintf_r
 .text._printf_common
                0x00000000080048a8       0xda C:/ST/STM32CubeIDE_1.14.0/STM32CubeIDE/plugins/com.st.stm32cube.ide.mcu.externaltools.gnu-tools-for-stm32.11.3.rel1.win32_1.1.100.202309141235/tools/bin/../lib/gcc/arm-none-eabi/11.3.1/../../../../arm-none-eabi/lib/thumb/v7e-m+fp/hard\libc_nano.a(libc_a-nano-vfprintf_i.o)
                0x00000000080048a8                _printf_common
 *fill*         0x0000000008004982        0x2 
 .text._printf_i
                0x0000000008004984      0x244 C:/ST/STM32CubeIDE_1.14.0/STM32CubeIDE/plugins/com.st.stm32cube.ide.mcu.externaltools.gnu-tools-for-stm32.11.3.rel1.win32_1.1.100.202309141235/tools/bin/../lib/gcc/arm-none-eabi/11.3.1/../../../../arm-none-eabi/lib/thumb/v7e-m+fp/hard\libc_nano.a(libc_a-nano-vfprintf_i.o)
                0x0000000008004984                _printf_i
 .text.memmove  0x0000000008004bc8       0x34 C:/ST/STM32CubeIDE_1.14.0/STM32CubeIDE/plugins/com.st.stm32cube.ide.mcu.externaltools.gnu-tools-for-stm32.11.3.rel1.win32_1.1.100.202309141235/tools/bin/../lib/gcc/arm-none-eabi/11.3.1/../../../../arm-none-eabi/lib/thumb/v7e-m+fp/hard\libc_nano.a(libc_a-memmove.o)
                0x0000000008004bc8                memmove
 .text._sbrk_r  0x0000000008004bfc       0x20 C:/ST/STM32CubeIDE_1.14.0/STM32CubeIDE/plugins/com.st.stm32cube.ide.mcu.externaltools.gnu-tools-for-stm32.11.3.rel1.win32_1.1.100.202309141235/tools/bin/../lib/gcc/arm-none-eabi/11.3.1/../../../../arm-none-eabi/lib/thumb/v7e-m+fp/hard\libc_nano.a(libc_a-sbrkr.o)
                0x0000000008004bfc                _sbrk_r
 .text.memcpy   0x0000000008004c1c       0x1c C:/ST/STM32CubeIDE_1.14.0/STM32CubeIDE/plugins/com.st.stm32cube.ide.mcu.externaltools.gnu-tools-for-stm32.11.3.rel1.win32_1.1.100.202309141235/tools/bin/../lib/gcc/arm-none-eabi/11.3.1/../../../../arm-none-eabi/lib/thumb/v7e-m+fp/hard\libc_nano.a(libc_a-memcpy-stub.o)
                0x0000000008004c1c                memcpy
 .text._realloc_r
                0x0000000008004c38       0x5e C:/ST/STM32CubeIDE_1.14.0/STM32CubeIDE/plugins/com.st.stm32cube.ide.mcu.externaltools.gnu-tools-for-stm32.11.3.rel1.win32_1.1.100.202309141235/tools/bin/../lib/gcc/arm-none-eabi/11.3.1/../../../../arm-none-eabi/lib/thumb/v7e-m+fp/hard\libc_nano.a(libc_a-reallocr.o)
                0x0000000008004c38                _realloc_r
 .text._malloc_usable_size_r
                0x0000000008004c96       0x10 C:/ST/STM32CubeIDE_1.14.0/STM32CubeIDE/plugins/com.st.stm32cube.ide.mcu.externaltools.gnu-tools-for-stm32.11.3.rel1.win32_1.1.100.202309141235/tools/bin/../lib/gcc/arm-none-eabi/11.3.1/../../../../arm-none-eabi/lib/thumb/v7e-m+fp/hard\libc_nano.a(libc_a-msizer.o)
                0x0000000008004c96                _malloc_usable_size_r
 *(.glue_7)
 .glue_7        0x0000000008004ca6        0x0 linker stubs
 *(.glue_7t)
 .glue_7t       0x0000000008004ca6        0x0 linker stubs
 *(.eh_frame)
 *fill*         0x0000000008004ca6        0x2 
 .eh_frame      0x0000000008004ca8        0x0 C:/ST/STM32CubeIDE_1.14.0/STM32CubeIDE/plugins/com.st.stm32cube.ide.mcu.externaltools.gnu-tools-for-stm32.11.3.rel1.win32_1.1.100.202309141235/tools/bin/../lib/gcc/arm-none-eabi/11.3.1/thumb/v7e-m+fp/hard/crtbegin.o
 *(.init)
 .init          0x0000000008004ca8        0x4 C:/ST/STM32CubeIDE_1.14.0/STM32CubeIDE/plugins/com.st.stm32cube.ide.mcu.externaltools.gnu-tools-for-stm32.11.3.rel1.win32_1.1.100.202309141235/tools/bin/../lib/gcc/arm-none-eabi/11.3.1/thumb/v7e-m+fp/hard/crti.o
                0x0000000008004ca8                _init
 .init          0x0000000008004cac        0x8 C:/ST/STM32CubeIDE_1.14.0/STM32CubeIDE/plugins/com.st.stm32cube.ide.mcu.externaltools.gnu-tools-for-stm32.11.3.rel1.win32_1.1.100.202309141235/tools/bin/../lib/gcc/arm-none-eabi/11.3.1/thumb/v7e-m+fp/hard/crtn.o
 *(.fini)
 .fini          0x0000000008004cb4        0x4 C:/ST/STM32CubeIDE_1.14.0/STM32CubeIDE/plugins/com.st.stm32cube.ide.mcu.externaltools.gnu-tools-for-stm32.11.3.rel1.win32_1.1.100.202309141235/tools/bin/../lib/gcc/arm-none-eabi/11.3.1/thumb/v7e-m+fp/hard/crti.o
                0x0000000008004cb4                _fini
 .fini          0x0000000008004cb8        0x8 C:/ST/STM32CubeIDE_1.14.0/STM32CubeIDE/plugins/com.st.stm32cube.ide.mcu.externaltools.gnu-tools-for-stm32.11.3.rel1.win32_1.1.100.202309141235/tools/bin/../lib/gcc/arm-none-eabi/11.3.1/thumb/v7e-m+fp/hard/crtn.o
                0x0000000008004cc0                . = ALIGN (0x4)
                0x0000000008004cc0                _etext = .

.vfp11_veneer   0x0000000008004cc0        0x0
 .vfp11_veneer  0x0000000008004cc0        0x0 linker stubs

.v4_bx          0x0000000008004cc0        0x0
 .v4_bx         0x0000000008004cc0        0x0 linker stubs

.iplt           0x0000000008004cc0        0x0
 .iplt          0x0000000008004cc0        0x0 C:/ST/STM32CubeIDE_1.14.0/STM32CubeIDE/plugins/com.st.stm32cube.ide.mcu.externaltools.gnu-tools-for-stm32.11.3.rel1.win32_1.1.100.202309141235/tools/bin/../lib/gcc/arm-none-eabi/11.3.1/thumb/v7e-m+fp/hard/crtbegin.o

.rodata         0x0000000008004cc0      0x940
                0x0000000008004cc0                . = ALIGN (0x4)
 *(.rodata)
 .rodata        0x0000000008004cc0       0x74 ./Src/main.o
 .rodata        0x0000000008004d34        0xf D:\Thuc tap co so\kiemtragiuaki_ttcs_nhom5\thuvien\lib\libLibraries.a(ucg_font.o)
 *(.rodata*)
 *fill*         0x0000000008004d43        0x1 
 .rodata.ucg_st7735_set_pos_seq
                0x0000000008004d44       0x1e D:\Thuc tap co so\kiemtragiuaki_ttcs_nhom5\thuvien\lib\libLibraries.a(ucg_dev_ic_st7735.o)
                0x0000000008004d44                ucg_st7735_set_pos_seq
 *fill*         0x0000000008004d62        0x2 
 .rodata.ucg_st7735_set_pos_dir0_seq
                0x0000000008004d64       0x1e D:\Thuc tap co so\kiemtragiuaki_ttcs_nhom5\thuvien\lib\libLibraries.a(ucg_dev_ic_st7735.o)
                0x0000000008004d64                ucg_st7735_set_pos_dir0_seq
 *fill*         0x0000000008004d82        0x2 
 .rodata.ucg_st7735_set_pos_dir1_seq
                0x0000000008004d84       0x21 D:\Thuc tap co so\kiemtragiuaki_ttcs_nhom5\thuvien\lib\libLibraries.a(ucg_dev_ic_st7735.o)
                0x0000000008004d84                ucg_st7735_set_pos_dir1_seq
 *fill*         0x0000000008004da5        0x3 
 .rodata.ucg_st7735_set_pos_dir2_seq
                0x0000000008004da8       0x21 D:\Thuc tap co so\kiemtragiuaki_ttcs_nhom5\thuvien\lib\libLibraries.a(ucg_dev_ic_st7735.o)
                0x0000000008004da8                ucg_st7735_set_pos_dir2_seq
 *fill*         0x0000000008004dc9        0x3 
 .rodata.ucg_st7735_set_pos_dir3_seq
                0x0000000008004dcc       0x24 D:\Thuc tap co so\kiemtragiuaki_ttcs_nhom5\thuvien\lib\libLibraries.a(ucg_dev_ic_st7735.o)
                0x0000000008004dcc                ucg_st7735_set_pos_dir3_seq
 .rodata.ucg_st7735_power_down_seq
                0x0000000008004df0        0x7 D:\Thuc tap co so\kiemtragiuaki_ttcs_nhom5\thuvien\lib\libLibraries.a(ucg_dev_ic_st7735.o)
 *fill*         0x0000000008004df7        0x1 
 .rodata.ucg_tft_128x160_st7735_init_seq
                0x0000000008004df8       0x2c D:\Thuc tap co so\kiemtragiuaki_ttcs_nhom5\thuvien\lib\libLibraries.a(ucg_dev_tft_128x128_st7735.o)
 .rodata.ucg_font_ncenR12_hr
                0x0000000008004e24      0x7a8 D:\Thuc tap co so\kiemtragiuaki_ttcs_nhom5\thuvien\lib\libLibraries.a(ucg_pixel_font_data.o)
                0x0000000008004e24                ucg_font_ncenR12_hr
 .rodata._svfprintf_r.str1.1
                0x00000000080055cc       0x11 C:/ST/STM32CubeIDE_1.14.0/STM32CubeIDE/plugins/com.st.stm32cube.ide.mcu.externaltools.gnu-tools-for-stm32.11.3.rel1.win32_1.1.100.202309141235/tools/bin/../lib/gcc/arm-none-eabi/11.3.1/../../../../arm-none-eabi/lib/thumb/v7e-m+fp/hard\libc_nano.a(libc_a-nano-svfprintf.o)
 .rodata._printf_i.str1.1
                0x00000000080055dd       0x22 C:/ST/STM32CubeIDE_1.14.0/STM32CubeIDE/plugins/com.st.stm32cube.ide.mcu.externaltools.gnu-tools-for-stm32.11.3.rel1.win32_1.1.100.202309141235/tools/bin/../lib/gcc/arm-none-eabi/11.3.1/../../../../arm-none-eabi/lib/thumb/v7e-m+fp/hard\libc_nano.a(libc_a-nano-vfprintf_i.o)
                0x0000000008005600                . = ALIGN (0x4)
 *fill*         0x00000000080055ff        0x1 

.rel.dyn        0x0000000008005600        0x0
 .rel.iplt      0x0000000008005600        0x0 C:/ST/STM32CubeIDE_1.14.0/STM32CubeIDE/plugins/com.st.stm32cube.ide.mcu.externaltools.gnu-tools-for-stm32.11.3.rel1.win32_1.1.100.202309141235/tools/bin/../lib/gcc/arm-none-eabi/11.3.1/thumb/v7e-m+fp/hard/crtbegin.o

.ARM.extab      0x0000000008005600        0x0
                0x0000000008005600                . = ALIGN (0x4)
 *(.ARM.extab* .gnu.linkonce.armextab.*)
                0x0000000008005600                . = ALIGN (0x4)

.ARM            0x0000000008005600        0x0
                0x0000000008005600                . = ALIGN (0x4)
                0x0000000008005600                __exidx_start = .
 *(.ARM.exidx*)
                0x0000000008005600                __exidx_end = .
                0x0000000008005600                . = ALIGN (0x4)

.preinit_array  0x0000000008005600        0x0
                0x0000000008005600                . = ALIGN (0x4)
                0x0000000008005600                PROVIDE (__preinit_array_start = .)
 *(.preinit_array*)
                0x0000000008005600                PROVIDE (__preinit_array_end = .)
                0x0000000008005600                . = ALIGN (0x4)

.init_array     0x0000000008005600        0x4
                0x0000000008005600                . = ALIGN (0x4)
                0x0000000008005600                PROVIDE (__init_array_start = .)
 *(SORT_BY_NAME(.init_array.*))
 *(.init_array*)
 .init_array    0x0000000008005600        0x4 C:/ST/STM32CubeIDE_1.14.0/STM32CubeIDE/plugins/com.st.stm32cube.ide.mcu.externaltools.gnu-tools-for-stm32.11.3.rel1.win32_1.1.100.202309141235/tools/bin/../lib/gcc/arm-none-eabi/11.3.1/thumb/v7e-m+fp/hard/crtbegin.o
                0x0000000008005604                PROVIDE (__init_array_end = .)
                0x0000000008005604                . = ALIGN (0x4)

.fini_array     0x0000000008005604        0x4
                0x0000000008005604                . = ALIGN (0x4)
                [!provide]                        PROVIDE (__fini_array_start = .)
 *(SORT_BY_NAME(.fini_array.*))
 *(.fini_array*)
 .fini_array    0x0000000008005604        0x4 C:/ST/STM32CubeIDE_1.14.0/STM32CubeIDE/plugins/com.st.stm32cube.ide.mcu.externaltools.gnu-tools-for-stm32.11.3.rel1.win32_1.1.100.202309141235/tools/bin/../lib/gcc/arm-none-eabi/11.3.1/thumb/v7e-m+fp/hard/crtbegin.o
                [!provide]                        PROVIDE (__fini_array_end = .)
                0x0000000008005608                . = ALIGN (0x4)
                0x0000000008005608                _sidata = LOADADDR (.data)

.data           0x0000000020000000       0x78 load address 0x0000000008005608
                0x0000000020000000                . = ALIGN (0x4)
                0x0000000020000000                _sdata = .
 *(.data)
 *(.data*)
 .data.SystemCoreClock
                0x0000000020000000        0x4 D:\Thuc tap co so\kiemtragiuaki_ttcs_nhom5\thuvien\lib\libLibraries.a(system_stm32f4xx.o)
                0x0000000020000000                SystemCoreClock
 .data.AHBPrescTable
                0x0000000020000004       0x10 D:\Thuc tap co so\kiemtragiuaki_ttcs_nhom5\thuvien\lib\libLibraries.a(system_stm32f4xx.o)
                0x0000000020000004                AHBPrescTable
 .data.APBAHBPrescTable
                0x0000000020000014       0x10 D:\Thuc tap co so\kiemtragiuaki_ttcs_nhom5\thuvien\lib\libLibraries.a(stm32f401re_rcc.o)
 .data.idTaskScanDecodeLen
                0x0000000020000024        0x1 D:\Thuc tap co so\kiemtragiuaki_ttcs_nhom5\thuvien\lib\libLibraries.a(ucg_font.o)
 *fill*         0x0000000020000025        0x3 
 .data._impure_data
                0x0000000020000028       0x4c C:/ST/STM32CubeIDE_1.14.0/STM32CubeIDE/plugins/com.st.stm32cube.ide.mcu.externaltools.gnu-tools-for-stm32.11.3.rel1.win32_1.1.100.202309141235/tools/bin/../lib/gcc/arm-none-eabi/11.3.1/../../../../arm-none-eabi/lib/thumb/v7e-m+fp/hard\libc_nano.a(libc_a-impure.o)
                0x0000000020000028                _impure_data
 .data._impure_ptr
                0x0000000020000074        0x4 C:/ST/STM32CubeIDE_1.14.0/STM32CubeIDE/plugins/com.st.stm32cube.ide.mcu.externaltools.gnu-tools-for-stm32.11.3.rel1.win32_1.1.100.202309141235/tools/bin/../lib/gcc/arm-none-eabi/11.3.1/../../../../arm-none-eabi/lib/thumb/v7e-m+fp/hard\libc_nano.a(libc_a-impure.o)
                0x0000000020000074                _impure_ptr
 *(.RamFunc)
 *(.RamFunc*)
                0x0000000020000078                . = ALIGN (0x4)
                0x0000000020000078                _edata = .

.igot.plt       0x0000000020000078        0x0 load address 0x0000000008005680
 .igot.plt      0x0000000020000078        0x0 C:/ST/STM32CubeIDE_1.14.0/STM32CubeIDE/plugins/com.st.stm32cube.ide.mcu.externaltools.gnu-tools-for-stm32.11.3.rel1.win32_1.1.100.202309141235/tools/bin/../lib/gcc/arm-none-eabi/11.3.1/thumb/v7e-m+fp/hard/crtbegin.o
                0x0000000020000078                . = ALIGN (0x4)

.bss            0x0000000020000078     0x1430 load address 0x0000000008005680
                0x0000000020000078                _sbss = .
                0x0000000020000078                __bss_start__ = _sbss
 *(.bss)
 .bss           0x0000000020000078       0x1c C:/ST/STM32CubeIDE_1.14.0/STM32CubeIDE/plugins/com.st.stm32cube.ide.mcu.externaltools.gnu-tools-for-stm32.11.3.rel1.win32_1.1.100.202309141235/tools/bin/../lib/gcc/arm-none-eabi/11.3.1/thumb/v7e-m+fp/hard/crtbegin.o
 *(.bss*)
 .bss.ucg       0x0000000020000094       0xb4 ./Src/main.o
 .bss.time_initial
                0x0000000020000148        0x4 ./Src/main.o
                0x0000000020000148                time_initial
 .bss.time_current
                0x000000002000014c        0x4 ./Src/main.o
                0x000000002000014c                time_current
 .bss.idTimer   0x0000000020000150        0x4 ./Src/main.o
                0x0000000020000150                idTimer
 .bss.src1      0x0000000020000154       0x14 ./Src/main.o
 .bss.src2      0x0000000020000168       0x14 ./Src/main.o
 .bss.src3      0x000000002000017c       0x14 ./Src/main.o
 .bss.src4      0x0000000020000190       0x14 ./Src/main.o
 .bss.time_total
                0x00000000200001a4        0x4 ./Src/main.o
 .bss.temperature
                0x00000000200001a8        0x1 ./Src/main.o
 .bss.humidity  0x00000000200001a9        0x1 ./Src/main.o
 .bss.temperature1
                0x00000000200001aa        0x1 ./Src/main.o
 .bss.humidity1
                0x00000000200001ab        0x1 ./Src/main.o
 .bss.dieukhien
                0x00000000200001ac        0x1 ./Src/main.o
                0x00000000200001ac                dieukhien
 *fill*         0x00000000200001ad        0x3 
 .bss.__sbrk_heap_end
                0x00000000200001b0        0x4 ./Src/sysmem.o
 .bss.g_pTimerHandle
                0x00000000200001b4      0x180 D:\Thuc tap co so\kiemtragiuaki_ttcs_nhom5\thuvien\lib\libLibraries.a(timer.o)
 .bss.g_wMilSecTickTimer
                0x0000000020000334        0x4 D:\Thuc tap co so\kiemtragiuaki_ttcs_nhom5\thuvien\lib\libLibraries.a(timer.o)
 .bss.g_pUartQueueRx
                0x0000000020000338        0x8 D:\Thuc tap co so\kiemtragiuaki_ttcs_nhom5\thuvien\lib\libLibraries.a(serial.o)
 .bss.fontQueue
                0x0000000020000340       0x10 D:\Thuc tap co so\kiemtragiuaki_ttcs_nhom5\thuvien\lib\libLibraries.a(ucg_font.o)
 .bss.pQueueFont
                0x0000000020000350     0x1000 D:\Thuc tap co so\kiemtragiuaki_ttcs_nhom5\thuvien\lib\libLibraries.a(ucg_font.o)
 .bss.next.7562
                0x0000000020001350        0x1 D:\Thuc tap co so\kiemtragiuaki_ttcs_nhom5\thuvien\lib\libLibraries.a(ucg_font.o)
 *fill*         0x0000000020001351        0x3 
 .bss.__sf      0x0000000020001354      0x138 C:/ST/STM32CubeIDE_1.14.0/STM32CubeIDE/plugins/com.st.stm32cube.ide.mcu.externaltools.gnu-tools-for-stm32.11.3.rel1.win32_1.1.100.202309141235/tools/bin/../lib/gcc/arm-none-eabi/11.3.1/../../../../arm-none-eabi/lib/thumb/v7e-m+fp/hard\libc_nano.a(libc_a-findfp.o)
                0x0000000020001354                __sf
 .bss.errno     0x000000002000148c        0x4 C:/ST/STM32CubeIDE_1.14.0/STM32CubeIDE/plugins/com.st.stm32cube.ide.mcu.externaltools.gnu-tools-for-stm32.11.3.rel1.win32_1.1.100.202309141235/tools/bin/../lib/gcc/arm-none-eabi/11.3.1/../../../../arm-none-eabi/lib/thumb/v7e-m+fp/hard\libc_nano.a(libc_a-reent.o)
                0x000000002000148c                errno
 .bss.__lock___malloc_recursive_mutex
                0x0000000020001490        0x1 C:/ST/STM32CubeIDE_1.14.0/STM32CubeIDE/plugins/com.st.stm32cube.ide.mcu.externaltools.gnu-tools-for-stm32.11.3.rel1.win32_1.1.100.202309141235/tools/bin/../lib/gcc/arm-none-eabi/11.3.1/../../../../arm-none-eabi/lib/thumb/v7e-m+fp/hard\libc_nano.a(libc_a-lock.o)
                0x0000000020001490                __lock___malloc_recursive_mutex
 *fill*         0x0000000020001491        0x3 
 .bss.__malloc_free_list
                0x0000000020001494        0x4 C:/ST/STM32CubeIDE_1.14.0/STM32CubeIDE/plugins/com.st.stm32cube.ide.mcu.externaltools.gnu-tools-for-stm32.11.3.rel1.win32_1.1.100.202309141235/tools/bin/../lib/gcc/arm-none-eabi/11.3.1/../../../../arm-none-eabi/lib/thumb/v7e-m+fp/hard\libc_nano.a(libc_a-mallocr.o)
                0x0000000020001494                __malloc_free_list
 .bss.__malloc_sbrk_start
                0x0000000020001498        0x4 C:/ST/STM32CubeIDE_1.14.0/STM32CubeIDE/plugins/com.st.stm32cube.ide.mcu.externaltools.gnu-tools-for-stm32.11.3.rel1.win32_1.1.100.202309141235/tools/bin/../lib/gcc/arm-none-eabi/11.3.1/../../../../arm-none-eabi/lib/thumb/v7e-m+fp/hard\libc_nano.a(libc_a-mallocr.o)
                0x0000000020001498                __malloc_sbrk_start
 *(COMMON)
 COMMON         0x000000002000149c        0xc D:\Thuc tap co so\kiemtragiuaki_ttcs_nhom5\thuvien\lib\libLibraries.a(ucg_font.o)
                0x000000002000149c                ucg_draw_str
                0x00000000200014a8                . = ALIGN (0x4)
                0x00000000200014a8                _ebss = .
                0x00000000200014a8                __bss_end__ = _ebss

._user_heap_stack
                0x00000000200014a8      0x600 load address 0x0000000008005680
                0x00000000200014a8                . = ALIGN (0x8)
                [!provide]                        PROVIDE (end = .)
                0x00000000200014a8                PROVIDE (_end = .)
                0x00000000200016a8                . = (. + _Min_Heap_Size)
 *fill*         0x00000000200014a8      0x200 
                0x0000000020001aa8                . = (. + _Min_Stack_Size)
 *fill*         0x00000000200016a8      0x400 
                0x0000000020001aa8                . = ALIGN (0x8)

/DISCARD/
 libc.a(*)
 libm.a(*)
 libgcc.a(*)

.ARM.attributes
                0x0000000000000000       0x30
 *(.ARM.attributes)
 .ARM.attributes
                0x0000000000000000       0x1e C:/ST/STM32CubeIDE_1.14.0/STM32CubeIDE/plugins/com.st.stm32cube.ide.mcu.externaltools.gnu-tools-for-stm32.11.3.rel1.win32_1.1.100.202309141235/tools/bin/../lib/gcc/arm-none-eabi/11.3.1/thumb/v7e-m+fp/hard/crti.o
 .ARM.attributes
                0x000000000000001e       0x34 C:/ST/STM32CubeIDE_1.14.0/STM32CubeIDE/plugins/com.st.stm32cube.ide.mcu.externaltools.gnu-tools-for-stm32.11.3.rel1.win32_1.1.100.202309141235/tools/bin/../lib/gcc/arm-none-eabi/11.3.1/thumb/v7e-m+fp/hard/crtbegin.o
 .ARM.attributes
                0x0000000000000052       0x34 ./Src/main.o
 .ARM.attributes
                0x0000000000000086       0x34 ./Src/sysmem.o
 .ARM.attributes
                0x00000000000000ba       0x21 ./Startup/startup_stm32f401retx.o
 .ARM.attributes
                0x00000000000000db       0x39 D:\Thuc tap co so\kiemtragiuaki_ttcs_nhom5\thuvien\lib\libLibraries.a(system_stm32f4xx.o)
 .ARM.attributes
                0x0000000000000114       0x39 D:\Thuc tap co so\kiemtragiuaki_ttcs_nhom5\thuvien\lib\libLibraries.a(stm32f401re_gpio.o)
 .ARM.attributes
                0x000000000000014d       0x39 D:\Thuc tap co so\kiemtragiuaki_ttcs_nhom5\thuvien\lib\libLibraries.a(stm32f401re_i2c.o)
 .ARM.attributes
                0x0000000000000186       0x39 D:\Thuc tap co so\kiemtragiuaki_ttcs_nhom5\thuvien\lib\libLibraries.a(stm32f401re_rcc.o)
 .ARM.attributes
                0x00000000000001bf       0x39 D:\Thuc tap co so\kiemtragiuaki_ttcs_nhom5\thuvien\lib\libLibraries.a(timer.o)
 .ARM.attributes
                0x00000000000001f8       0x39 D:\Thuc tap co so\kiemtragiuaki_ttcs_nhom5\thuvien\lib\libLibraries.a(temhumsensor.o)
 .ARM.attributes
                0x0000000000000231       0x39 D:\Thuc tap co so\kiemtragiuaki_ttcs_nhom5\thuvien\lib\libLibraries.a(serial.o)
 .ARM.attributes
                0x000000000000026a       0x39 D:\Thuc tap co so\kiemtragiuaki_ttcs_nhom5\thuvien\lib\libLibraries.a(Ucglib.o)
 .ARM.attributes
                0x00000000000002a3       0x39 D:\Thuc tap co so\kiemtragiuaki_ttcs_nhom5\thuvien\lib\libLibraries.a(ucg_box.o)
 .ARM.attributes
                0x00000000000002dc       0x39 D:\Thuc tap co so\kiemtragiuaki_ttcs_nhom5\thuvien\lib\libLibraries.a(ucg_ccs.o)
 .ARM.attributes
                0x0000000000000315       0x39 D:\Thuc tap co so\kiemtragiuaki_ttcs_nhom5\thuvien\lib\libLibraries.a(ucg_dev_default_cb.o)
 .ARM.attributes
                0x000000000000034e       0x39 D:\Thuc tap co so\kiemtragiuaki_ttcs_nhom5\thuvien\lib\libLibraries.a(ucg_dev_ic_st7735.o)
 .ARM.attributes
                0x0000000000000387       0x39 D:\Thuc tap co so\kiemtragiuaki_ttcs_nhom5\thuvien\lib\libLibraries.a(ucg_dev_msg_api.o)
 .ARM.attributes
                0x00000000000003c0       0x39 D:\Thuc tap co so\kiemtragiuaki_ttcs_nhom5\thuvien\lib\libLibraries.a(ucg_dev_tft_128x128_st7735.o)
 .ARM.attributes
                0x00000000000003f9       0x39 D:\Thuc tap co so\kiemtragiuaki_ttcs_nhom5\thuvien\lib\libLibraries.a(ucg_font.o)
 .ARM.attributes
                0x0000000000000432       0x39 D:\Thuc tap co so\kiemtragiuaki_ttcs_nhom5\thuvien\lib\libLibraries.a(ucg_init.o)
 .ARM.attributes
                0x000000000000046b       0x39 D:\Thuc tap co so\kiemtragiuaki_ttcs_nhom5\thuvien\lib\libLibraries.a(ucg_line.o)
 .ARM.attributes
                0x00000000000004a4       0x39 D:\Thuc tap co so\kiemtragiuaki_ttcs_nhom5\thuvien\lib\libLibraries.a(ucg_pixel.o)
 .ARM.attributes
                0x00000000000004dd       0x39 D:\Thuc tap co so\kiemtragiuaki_ttcs_nhom5\thuvien\lib\libLibraries.a(ucg_pixel_font_data.o)
 .ARM.attributes
                0x0000000000000516       0x39 D:\Thuc tap co so\kiemtragiuaki_ttcs_nhom5\thuvien\lib\libLibraries.a(ucg_rotate.o)
 .ARM.attributes
                0x000000000000054f       0x39 D:\Thuc tap co so\kiemtragiuaki_ttcs_nhom5\thuvien\lib\libLibraries.a(buff.o)
 .ARM.attributes
                0x0000000000000588       0x39 D:\Thuc tap co so\kiemtragiuaki_ttcs_nhom5\thuvien\lib\libLibraries.a(utilities.o)
 .ARM.attributes
                0x00000000000005c1       0x39 D:\Thuc tap co so\kiemtragiuaki_ttcs_nhom5\thuvien\lib\libLibraries.a(stm32f401re_usart.o)
 .ARM.attributes
                0x00000000000005fa       0x39 D:\Thuc tap co so\kiemtragiuaki_ttcs_nhom5\thuvien\lib\libLibraries.a(ucg_clip.o)
 .ARM.attributes
                0x0000000000000633       0x39 D:\Thuc tap co so\kiemtragiuaki_ttcs_nhom5\thuvien\lib\libLibraries.a(ucg_com_msg_api.o)
 .ARM.attributes
                0x000000000000066c       0x34 C:/ST/STM32CubeIDE_1.14.0/STM32CubeIDE/plugins/com.st.stm32cube.ide.mcu.externaltools.gnu-tools-for-stm32.11.3.rel1.win32_1.1.100.202309141235/tools/bin/../lib/gcc/arm-none-eabi/11.3.1/../../../../arm-none-eabi/lib/thumb/v7e-m+fp/hard\libc_nano.a(libc_a-findfp.o)
 .ARM.attributes
                0x00000000000006a0       0x34 C:/ST/STM32CubeIDE_1.14.0/STM32CubeIDE/plugins/com.st.stm32cube.ide.mcu.externaltools.gnu-tools-for-stm32.11.3.rel1.win32_1.1.100.202309141235/tools/bin/../lib/gcc/arm-none-eabi/11.3.1/../../../../arm-none-eabi/lib/thumb/v7e-m+fp/hard\libc_nano.a(libc_a-sprintf.o)
 .ARM.attributes
                0x00000000000006d4       0x34 C:/ST/STM32CubeIDE_1.14.0/STM32CubeIDE/plugins/com.st.stm32cube.ide.mcu.externaltools.gnu-tools-for-stm32.11.3.rel1.win32_1.1.100.202309141235/tools/bin/../lib/gcc/arm-none-eabi/11.3.1/../../../../arm-none-eabi/lib/thumb/v7e-m+fp/hard\libc_nano.a(libc_a-memset.o)
 .ARM.attributes
                0x0000000000000708       0x34 C:/ST/STM32CubeIDE_1.14.0/STM32CubeIDE/plugins/com.st.stm32cube.ide.mcu.externaltools.gnu-tools-for-stm32.11.3.rel1.win32_1.1.100.202309141235/tools/bin/../lib/gcc/arm-none-eabi/11.3.1/../../../../arm-none-eabi/lib/thumb/v7e-m+fp/hard\libc_nano.a(libc_a-reent.o)
 .ARM.attributes
                0x000000000000073c       0x34 C:/ST/STM32CubeIDE_1.14.0/STM32CubeIDE/plugins/com.st.stm32cube.ide.mcu.externaltools.gnu-tools-for-stm32.11.3.rel1.win32_1.1.100.202309141235/tools/bin/../lib/gcc/arm-none-eabi/11.3.1/../../../../arm-none-eabi/lib/thumb/v7e-m+fp/hard\libc_nano.a(libc_a-impure.o)
 .ARM.attributes
                0x0000000000000770       0x34 C:/ST/STM32CubeIDE_1.14.0/STM32CubeIDE/plugins/com.st.stm32cube.ide.mcu.externaltools.gnu-tools-for-stm32.11.3.rel1.win32_1.1.100.202309141235/tools/bin/../lib/gcc/arm-none-eabi/11.3.1/../../../../arm-none-eabi/lib/thumb/v7e-m+fp/hard\libc_nano.a(libc_a-errno.o)
 .ARM.attributes
                0x00000000000007a4       0x34 C:/ST/STM32CubeIDE_1.14.0/STM32CubeIDE/plugins/com.st.stm32cube.ide.mcu.externaltools.gnu-tools-for-stm32.11.3.rel1.win32_1.1.100.202309141235/tools/bin/../lib/gcc/arm-none-eabi/11.3.1/../../../../arm-none-eabi/lib/thumb/v7e-m+fp/hard\libc_nano.a(libc_a-init.o)
 .ARM.attributes
                0x00000000000007d8       0x34 C:/ST/STM32CubeIDE_1.14.0/STM32CubeIDE/plugins/com.st.stm32cube.ide.mcu.externaltools.gnu-tools-for-stm32.11.3.rel1.win32_1.1.100.202309141235/tools/bin/../lib/gcc/arm-none-eabi/11.3.1/../../../../arm-none-eabi/lib/thumb/v7e-m+fp/hard\libc_nano.a(libc_a-lock.o)
 .ARM.attributes
                0x000000000000080c       0x34 C:/ST/STM32CubeIDE_1.14.0/STM32CubeIDE/plugins/com.st.stm32cube.ide.mcu.externaltools.gnu-tools-for-stm32.11.3.rel1.win32_1.1.100.202309141235/tools/bin/../lib/gcc/arm-none-eabi/11.3.1/../../../../arm-none-eabi/lib/thumb/v7e-m+fp/hard\libc_nano.a(libc_a-freer.o)
 .ARM.attributes
                0x0000000000000840       0x34 C:/ST/STM32CubeIDE_1.14.0/STM32CubeIDE/plugins/com.st.stm32cube.ide.mcu.externaltools.gnu-tools-for-stm32.11.3.rel1.win32_1.1.100.202309141235/tools/bin/../lib/gcc/arm-none-eabi/11.3.1/../../../../arm-none-eabi/lib/thumb/v7e-m+fp/hard\libc_nano.a(libc_a-mallocr.o)
 .ARM.attributes
                0x0000000000000874       0x34 C:/ST/STM32CubeIDE_1.14.0/STM32CubeIDE/plugins/com.st.stm32cube.ide.mcu.externaltools.gnu-tools-for-stm32.11.3.rel1.win32_1.1.100.202309141235/tools/bin/../lib/gcc/arm-none-eabi/11.3.1/../../../../arm-none-eabi/lib/thumb/v7e-m+fp/hard\libc_nano.a(libc_a-mlock.o)
 .ARM.attributes
                0x00000000000008a8       0x34 C:/ST/STM32CubeIDE_1.14.0/STM32CubeIDE/plugins/com.st.stm32cube.ide.mcu.externaltools.gnu-tools-for-stm32.11.3.rel1.win32_1.1.100.202309141235/tools/bin/../lib/gcc/arm-none-eabi/11.3.1/../../../../arm-none-eabi/lib/thumb/v7e-m+fp/hard\libc_nano.a(libc_a-nano-svfprintf.o)
 .ARM.attributes
                0x00000000000008dc       0x34 C:/ST/STM32CubeIDE_1.14.0/STM32CubeIDE/plugins/com.st.stm32cube.ide.mcu.externaltools.gnu-tools-for-stm32.11.3.rel1.win32_1.1.100.202309141235/tools/bin/../lib/gcc/arm-none-eabi/11.3.1/../../../../arm-none-eabi/lib/thumb/v7e-m+fp/hard\libc_nano.a(libc_a-nano-vfprintf_i.o)
 .ARM.attributes
                0x0000000000000910       0x34 C:/ST/STM32CubeIDE_1.14.0/STM32CubeIDE/plugins/com.st.stm32cube.ide.mcu.externaltools.gnu-tools-for-stm32.11.3.rel1.win32_1.1.100.202309141235/tools/bin/../lib/gcc/arm-none-eabi/11.3.1/../../../../arm-none-eabi/lib/thumb/v7e-m+fp/hard\libc_nano.a(libc_a-memmove.o)
 .ARM.attributes
                0x0000000000000944       0x34 C:/ST/STM32CubeIDE_1.14.0/STM32CubeIDE/plugins/com.st.stm32cube.ide.mcu.externaltools.gnu-tools-for-stm32.11.3.rel1.win32_1.1.100.202309141235/tools/bin/../lib/gcc/arm-none-eabi/11.3.1/../../../../arm-none-eabi/lib/thumb/v7e-m+fp/hard\libc_nano.a(libc_a-sbrkr.o)
 .ARM.attributes
                0x0000000000000978       0x1c C:/ST/STM32CubeIDE_1.14.0/STM32CubeIDE/plugins/com.st.stm32cube.ide.mcu.externaltools.gnu-tools-for-stm32.11.3.rel1.win32_1.1.100.202309141235/tools/bin/../lib/gcc/arm-none-eabi/11.3.1/../../../../arm-none-eabi/lib/thumb/v7e-m+fp/hard\libc_nano.a(libc_a-memchr.o)
 .ARM.attributes
                0x0000000000000994       0x34 C:/ST/STM32CubeIDE_1.14.0/STM32CubeIDE/plugins/com.st.stm32cube.ide.mcu.externaltools.gnu-tools-for-stm32.11.3.rel1.win32_1.1.100.202309141235/tools/bin/../lib/gcc/arm-none-eabi/11.3.1/../../../../arm-none-eabi/lib/thumb/v7e-m+fp/hard\libc_nano.a(libc_a-memcpy-stub.o)
 .ARM.attributes
                0x00000000000009c8       0x34 C:/ST/STM32CubeIDE_1.14.0/STM32CubeIDE/plugins/com.st.stm32cube.ide.mcu.externaltools.gnu-tools-for-stm32.11.3.rel1.win32_1.1.100.202309141235/tools/bin/../lib/gcc/arm-none-eabi/11.3.1/../../../../arm-none-eabi/lib/thumb/v7e-m+fp/hard\libc_nano.a(libc_a-reallocr.o)
 .ARM.attributes
                0x00000000000009fc       0x34 C:/ST/STM32CubeIDE_1.14.0/STM32CubeIDE/plugins/com.st.stm32cube.ide.mcu.externaltools.gnu-tools-for-stm32.11.3.rel1.win32_1.1.100.202309141235/tools/bin/../lib/gcc/arm-none-eabi/11.3.1/../../../../arm-none-eabi/lib/thumb/v7e-m+fp/hard\libc_nano.a(libc_a-msizer.o)
 .ARM.attributes
                0x0000000000000a30       0x1e C:/ST/STM32CubeIDE_1.14.0/STM32CubeIDE/plugins/com.st.stm32cube.ide.mcu.externaltools.gnu-tools-for-stm32.11.3.rel1.win32_1.1.100.202309141235/tools/bin/../lib/gcc/arm-none-eabi/11.3.1/thumb/v7e-m+fp/hard/crtn.o
OUTPUT(kiemtragiuaki.elf elf32-littlearm)
LOAD linker stubs
LOAD C:/ST/STM32CubeIDE_1.14.0/STM32CubeIDE/plugins/com.st.stm32cube.ide.mcu.externaltools.gnu-tools-for-stm32.11.3.rel1.win32_1.1.100.202309141235/tools/bin/../lib/gcc/arm-none-eabi/11.3.1/../../../../arm-none-eabi/lib/thumb/v7e-m+fp/hard\libc.a
LOAD C:/ST/STM32CubeIDE_1.14.0/STM32CubeIDE/plugins/com.st.stm32cube.ide.mcu.externaltools.gnu-tools-for-stm32.11.3.rel1.win32_1.1.100.202309141235/tools/bin/../lib/gcc/arm-none-eabi/11.3.1/../../../../arm-none-eabi/lib/thumb/v7e-m+fp/hard\libm.a
LOAD C:/ST/STM32CubeIDE_1.14.0/STM32CubeIDE/plugins/com.st.stm32cube.ide.mcu.externaltools.gnu-tools-for-stm32.11.3.rel1.win32_1.1.100.202309141235/tools/bin/../lib/gcc/arm-none-eabi/11.3.1/thumb/v7e-m+fp/hard\libgcc.a

.comment        0x0000000000000000       0xbe
 .comment       0x0000000000000000       0x43 C:/ST/STM32CubeIDE_1.14.0/STM32CubeIDE/plugins/com.st.stm32cube.ide.mcu.externaltools.gnu-tools-for-stm32.11.3.rel1.win32_1.1.100.202309141235/tools/bin/../lib/gcc/arm-none-eabi/11.3.1/thumb/v7e-m+fp/hard/crtbegin.o
                                         0x44 (size before relaxing)
 .comment       0x0000000000000043       0x44 ./Src/main.o
 .comment       0x0000000000000043       0x44 ./Src/sysmem.o
 .comment       0x0000000000000043       0x7b D:\Thuc tap co so\kiemtragiuaki_ttcs_nhom5\thuvien\lib\libLibraries.a(system_stm32f4xx.o)
                                         0x7c (size before relaxing)
 .comment       0x00000000000000be       0x7c D:\Thuc tap co so\kiemtragiuaki_ttcs_nhom5\thuvien\lib\libLibraries.a(stm32f401re_gpio.o)
 .comment       0x00000000000000be       0x7c D:\Thuc tap co so\kiemtragiuaki_ttcs_nhom5\thuvien\lib\libLibraries.a(stm32f401re_i2c.o)
 .comment       0x00000000000000be       0x7c D:\Thuc tap co so\kiemtragiuaki_ttcs_nhom5\thuvien\lib\libLibraries.a(stm32f401re_rcc.o)
 .comment       0x00000000000000be       0x7c D:\Thuc tap co so\kiemtragiuaki_ttcs_nhom5\thuvien\lib\libLibraries.a(timer.o)
 .comment       0x00000000000000be       0x7c D:\Thuc tap co so\kiemtragiuaki_ttcs_nhom5\thuvien\lib\libLibraries.a(temhumsensor.o)
 .comment       0x00000000000000be       0x7c D:\Thuc tap co so\kiemtragiuaki_ttcs_nhom5\thuvien\lib\libLibraries.a(serial.o)
 .comment       0x00000000000000be       0x7c D:\Thuc tap co so\kiemtragiuaki_ttcs_nhom5\thuvien\lib\libLibraries.a(Ucglib.o)
 .comment       0x00000000000000be       0x7c D:\Thuc tap co so\kiemtragiuaki_ttcs_nhom5\thuvien\lib\libLibraries.a(ucg_box.o)
 .comment       0x00000000000000be       0x7c D:\Thuc tap co so\kiemtragiuaki_ttcs_nhom5\thuvien\lib\libLibraries.a(ucg_ccs.o)
 .comment       0x00000000000000be       0x7c D:\Thuc tap co so\kiemtragiuaki_ttcs_nhom5\thuvien\lib\libLibraries.a(ucg_dev_default_cb.o)
 .comment       0x00000000000000be       0x7c D:\Thuc tap co so\kiemtragiuaki_ttcs_nhom5\thuvien\lib\libLibraries.a(ucg_dev_ic_st7735.o)
 .comment       0x00000000000000be       0x7c D:\Thuc tap co so\kiemtragiuaki_ttcs_nhom5\thuvien\lib\libLibraries.a(ucg_dev_msg_api.o)
 .comment       0x00000000000000be       0x7c D:\Thuc tap co so\kiemtragiuaki_ttcs_nhom5\thuvien\lib\libLibraries.a(ucg_dev_tft_128x128_st7735.o)
 .comment       0x00000000000000be       0x7c D:\Thuc tap co so\kiemtragiuaki_ttcs_nhom5\thuvien\lib\libLibraries.a(ucg_font.o)
 .comment       0x00000000000000be       0x7c D:\Thuc tap co so\kiemtragiuaki_ttcs_nhom5\thuvien\lib\libLibraries.a(ucg_init.o)
 .comment       0x00000000000000be       0x7c D:\Thuc tap co so\kiemtragiuaki_ttcs_nhom5\thuvien\lib\libLibraries.a(ucg_line.o)
 .comment       0x00000000000000be       0x7c D:\Thuc tap co so\kiemtragiuaki_ttcs_nhom5\thuvien\lib\libLibraries.a(ucg_pixel.o)
 .comment       0x00000000000000be       0x7c D:\Thuc tap co so\kiemtragiuaki_ttcs_nhom5\thuvien\lib\libLibraries.a(ucg_pixel_font_data.o)
 .comment       0x00000000000000be       0x7c D:\Thuc tap co so\kiemtragiuaki_ttcs_nhom5\thuvien\lib\libLibraries.a(ucg_rotate.o)
 .comment       0x00000000000000be       0x7c D:\Thuc tap co so\kiemtragiuaki_ttcs_nhom5\thuvien\lib\libLibraries.a(buff.o)
 .comment       0x00000000000000be       0x7c D:\Thuc tap co so\kiemtragiuaki_ttcs_nhom5\thuvien\lib\libLibraries.a(utilities.o)
 .comment       0x00000000000000be       0x7c D:\Thuc tap co so\kiemtragiuaki_ttcs_nhom5\thuvien\lib\libLibraries.a(stm32f401re_usart.o)
 .comment       0x00000000000000be       0x7c D:\Thuc tap co so\kiemtragiuaki_ttcs_nhom5\thuvien\lib\libLibraries.a(ucg_clip.o)
 .comment       0x00000000000000be       0x7c D:\Thuc tap co so\kiemtragiuaki_ttcs_nhom5\thuvien\lib\libLibraries.a(ucg_com_msg_api.o)

.debug_info     0x0000000000000000    0x37b31
 .debug_info    0x0000000000000000     0x1406 ./Src/main.o
 .debug_info    0x0000000000001406      0x168 ./Src/sysmem.o
 .debug_info    0x000000000000156e       0x23 ./Startup/startup_stm32f401retx.o
 .debug_info    0x0000000000001591      0x5bb D:\Thuc tap co so\kiemtragiuaki_ttcs_nhom5\thuvien\lib\libLibraries.a(system_stm32f4xx.o)
 .debug_info    0x0000000000001b4c      0x62b D:\Thuc tap co so\kiemtragiuaki_ttcs_nhom5\thuvien\lib\libLibraries.a(stm32f401re_gpio.o)
 .debug_info    0x0000000000002177      0xb9e D:\Thuc tap co so\kiemtragiuaki_ttcs_nhom5\thuvien\lib\libLibraries.a(stm32f401re_i2c.o)
 .debug_info    0x0000000000002d15      0xd5e D:\Thuc tap co so\kiemtragiuaki_ttcs_nhom5\thuvien\lib\libLibraries.a(stm32f401re_rcc.o)
 .debug_info    0x0000000000003a73      0x922 D:\Thuc tap co so\kiemtragiuaki_ttcs_nhom5\thuvien\lib\libLibraries.a(timer.o)
 .debug_info    0x0000000000004395      0xafd D:\Thuc tap co so\kiemtragiuaki_ttcs_nhom5\thuvien\lib\libLibraries.a(temhumsensor.o)
 .debug_info    0x0000000000004e92      0xb11 D:\Thuc tap co so\kiemtragiuaki_ttcs_nhom5\thuvien\lib\libLibraries.a(serial.o)
 .debug_info    0x00000000000059a3     0x333f D:\Thuc tap co so\kiemtragiuaki_ttcs_nhom5\thuvien\lib\libLibraries.a(Ucglib.o)
 .debug_info    0x0000000000008ce2     0x329d D:\Thuc tap co so\kiemtragiuaki_ttcs_nhom5\thuvien\lib\libLibraries.a(ucg_box.o)
 .debug_info    0x000000000000bf7f     0x2b08 D:\Thuc tap co so\kiemtragiuaki_ttcs_nhom5\thuvien\lib\libLibraries.a(ucg_ccs.o)
 .debug_info    0x000000000000ea87     0x324b D:\Thuc tap co so\kiemtragiuaki_ttcs_nhom5\thuvien\lib\libLibraries.a(ucg_dev_default_cb.o)
 .debug_info    0x0000000000011cd2     0x3272 D:\Thuc tap co so\kiemtragiuaki_ttcs_nhom5\thuvien\lib\libLibraries.a(ucg_dev_ic_st7735.o)
 .debug_info    0x0000000000014f44     0x3178 D:\Thuc tap co so\kiemtragiuaki_ttcs_nhom5\thuvien\lib\libLibraries.a(ucg_dev_msg_api.o)
 .debug_info    0x00000000000180bc     0x303e D:\Thuc tap co so\kiemtragiuaki_ttcs_nhom5\thuvien\lib\libLibraries.a(ucg_dev_tft_128x128_st7735.o)
 .debug_info    0x000000000001b0fa     0x43ab D:\Thuc tap co so\kiemtragiuaki_ttcs_nhom5\thuvien\lib\libLibraries.a(ucg_font.o)
 .debug_info    0x000000000001f4a5     0x3856 D:\Thuc tap co so\kiemtragiuaki_ttcs_nhom5\thuvien\lib\libLibraries.a(ucg_init.o)
 .debug_info    0x0000000000022cfb     0x3222 D:\Thuc tap co so\kiemtragiuaki_ttcs_nhom5\thuvien\lib\libLibraries.a(ucg_line.o)
 .debug_info    0x0000000000025f1d     0x3056 D:\Thuc tap co so\kiemtragiuaki_ttcs_nhom5\thuvien\lib\libLibraries.a(ucg_pixel.o)
 .debug_info    0x0000000000028f73     0x43df D:\Thuc tap co so\kiemtragiuaki_ttcs_nhom5\thuvien\lib\libLibraries.a(ucg_pixel_font_data.o)
 .debug_info    0x000000000002d352     0x3231 D:\Thuc tap co so\kiemtragiuaki_ttcs_nhom5\thuvien\lib\libLibraries.a(ucg_rotate.o)
 .debug_info    0x0000000000030583      0x339 D:\Thuc tap co so\kiemtragiuaki_ttcs_nhom5\thuvien\lib\libLibraries.a(buff.o)
 .debug_info    0x00000000000308bc      0x2bd D:\Thuc tap co so\kiemtragiuaki_ttcs_nhom5\thuvien\lib\libLibraries.a(utilities.o)
 .debug_info    0x0000000000030b79      0x9d4 D:\Thuc tap co so\kiemtragiuaki_ttcs_nhom5\thuvien\lib\libLibraries.a(stm32f401re_usart.o)
 .debug_info    0x000000000003154d     0x315a D:\Thuc tap co so\kiemtragiuaki_ttcs_nhom5\thuvien\lib\libLibraries.a(ucg_clip.o)
 .debug_info    0x00000000000346a7     0x348a D:\Thuc tap co so\kiemtragiuaki_ttcs_nhom5\thuvien\lib\libLibraries.a(ucg_com_msg_api.o)

.debug_abbrev   0x0000000000000000     0x2e3d
 .debug_abbrev  0x0000000000000000      0x40c ./Src/main.o
 .debug_abbrev  0x000000000000040c       0xbc ./Src/sysmem.o
 .debug_abbrev  0x00000000000004c8       0x12 ./Startup/startup_stm32f401retx.o
 .debug_abbrev  0x00000000000004da      0x138 D:\Thuc tap co so\kiemtragiuaki_ttcs_nhom5\thuvien\lib\libLibraries.a(system_stm32f4xx.o)
 .debug_abbrev  0x0000000000000612      0x1bf D:\Thuc tap co so\kiemtragiuaki_ttcs_nhom5\thuvien\lib\libLibraries.a(stm32f401re_gpio.o)
 .debug_abbrev  0x00000000000007d1      0x196 D:\Thuc tap co so\kiemtragiuaki_ttcs_nhom5\thuvien\lib\libLibraries.a(stm32f401re_i2c.o)
 .debug_abbrev  0x0000000000000967      0x1d4 D:\Thuc tap co so\kiemtragiuaki_ttcs_nhom5\thuvien\lib\libLibraries.a(stm32f401re_rcc.o)
 .debug_abbrev  0x0000000000000b3b      0x29a D:\Thuc tap co so\kiemtragiuaki_ttcs_nhom5\thuvien\lib\libLibraries.a(timer.o)
 .debug_abbrev  0x0000000000000dd5      0x24a D:\Thuc tap co so\kiemtragiuaki_ttcs_nhom5\thuvien\lib\libLibraries.a(temhumsensor.o)
 .debug_abbrev  0x000000000000101f      0x2ba D:\Thuc tap co so\kiemtragiuaki_ttcs_nhom5\thuvien\lib\libLibraries.a(serial.o)
 .debug_abbrev  0x00000000000012d9      0x202 D:\Thuc tap co so\kiemtragiuaki_ttcs_nhom5\thuvien\lib\libLibraries.a(Ucglib.o)
 .debug_abbrev  0x00000000000014db      0x18b D:\Thuc tap co so\kiemtragiuaki_ttcs_nhom5\thuvien\lib\libLibraries.a(ucg_box.o)
 .debug_abbrev  0x0000000000001666       0xf5 D:\Thuc tap co so\kiemtragiuaki_ttcs_nhom5\thuvien\lib\libLibraries.a(ucg_ccs.o)
 .debug_abbrev  0x000000000000175b      0x19e D:\Thuc tap co so\kiemtragiuaki_ttcs_nhom5\thuvien\lib\libLibraries.a(ucg_dev_default_cb.o)
 .debug_abbrev  0x00000000000018f9      0x1dc D:\Thuc tap co so\kiemtragiuaki_ttcs_nhom5\thuvien\lib\libLibraries.a(ucg_dev_ic_st7735.o)
 .debug_abbrev  0x0000000000001ad5      0x191 D:\Thuc tap co so\kiemtragiuaki_ttcs_nhom5\thuvien\lib\libLibraries.a(ucg_dev_msg_api.o)
 .debug_abbrev  0x0000000000001c66      0x14e D:\Thuc tap co so\kiemtragiuaki_ttcs_nhom5\thuvien\lib\libLibraries.a(ucg_dev_tft_128x128_st7735.o)
 .debug_abbrev  0x0000000000001db4      0x2fc D:\Thuc tap co so\kiemtragiuaki_ttcs_nhom5\thuvien\lib\libLibraries.a(ucg_font.o)
 .debug_abbrev  0x00000000000020b0      0x1c6 D:\Thuc tap co so\kiemtragiuaki_ttcs_nhom5\thuvien\lib\libLibraries.a(ucg_init.o)
 .debug_abbrev  0x0000000000002276      0x175 D:\Thuc tap co so\kiemtragiuaki_ttcs_nhom5\thuvien\lib\libLibraries.a(ucg_line.o)
 .debug_abbrev  0x00000000000023eb      0x148 D:\Thuc tap co so\kiemtragiuaki_ttcs_nhom5\thuvien\lib\libLibraries.a(ucg_pixel.o)
 .debug_abbrev  0x0000000000002533       0x83 D:\Thuc tap co so\kiemtragiuaki_ttcs_nhom5\thuvien\lib\libLibraries.a(ucg_pixel_font_data.o)
 .debug_abbrev  0x00000000000025b6      0x1a3 D:\Thuc tap co so\kiemtragiuaki_ttcs_nhom5\thuvien\lib\libLibraries.a(ucg_rotate.o)
 .debug_abbrev  0x0000000000002759      0x12a D:\Thuc tap co so\kiemtragiuaki_ttcs_nhom5\thuvien\lib\libLibraries.a(buff.o)
 .debug_abbrev  0x0000000000002883       0xce D:\Thuc tap co so\kiemtragiuaki_ttcs_nhom5\thuvien\lib\libLibraries.a(utilities.o)
 .debug_abbrev  0x0000000000002951      0x187 D:\Thuc tap co so\kiemtragiuaki_ttcs_nhom5\thuvien\lib\libLibraries.a(stm32f401re_usart.o)
 .debug_abbrev  0x0000000000002ad8      0x173 D:\Thuc tap co so\kiemtragiuaki_ttcs_nhom5\thuvien\lib\libLibraries.a(ucg_clip.o)
 .debug_abbrev  0x0000000000002c4b      0x1f2 D:\Thuc tap co so\kiemtragiuaki_ttcs_nhom5\thuvien\lib\libLibraries.a(ucg_com_msg_api.o)

.debug_aranges  0x0000000000000000      0xd70
 .debug_aranges
                0x0000000000000000      0x100 ./Src/main.o
 .debug_aranges
                0x0000000000000100       0x20 ./Src/sysmem.o
 .debug_aranges
                0x0000000000000120       0x28 ./Startup/startup_stm32f401retx.o
 .debug_aranges
                0x0000000000000148       0x30 D:\Thuc tap co so\kiemtragiuaki_ttcs_nhom5\thuvien\lib\libLibraries.a(system_stm32f4xx.o)
 .debug_aranges
                0x0000000000000178       0x88 D:\Thuc tap co so\kiemtragiuaki_ttcs_nhom5\thuvien\lib\libLibraries.a(stm32f401re_gpio.o)
 .debug_aranges
                0x0000000000000200      0x130 D:\Thuc tap co so\kiemtragiuaki_ttcs_nhom5\thuvien\lib\libLibraries.a(stm32f401re_i2c.o)
 .debug_aranges
                0x0000000000000330      0x198 D:\Thuc tap co so\kiemtragiuaki_ttcs_nhom5\thuvien\lib\libLibraries.a(stm32f401re_rcc.o)
 .debug_aranges
                0x00000000000004c8       0x70 D:\Thuc tap co so\kiemtragiuaki_ttcs_nhom5\thuvien\lib\libLibraries.a(timer.o)
 .debug_aranges
                0x0000000000000538       0xe8 D:\Thuc tap co so\kiemtragiuaki_ttcs_nhom5\thuvien\lib\libLibraries.a(temhumsensor.o)
 .debug_aranges
                0x0000000000000620       0x80 D:\Thuc tap co so\kiemtragiuaki_ttcs_nhom5\thuvien\lib\libLibraries.a(serial.o)
 .debug_aranges
                0x00000000000006a0       0x48 D:\Thuc tap co so\kiemtragiuaki_ttcs_nhom5\thuvien\lib\libLibraries.a(Ucglib.o)
 .debug_aranges
                0x00000000000006e8       0x48 D:\Thuc tap co so\kiemtragiuaki_ttcs_nhom5\thuvien\lib\libLibraries.a(ucg_box.o)
 .debug_aranges
                0x0000000000000730       0x30 D:\Thuc tap co so\kiemtragiuaki_ttcs_nhom5\thuvien\lib\libLibraries.a(ucg_ccs.o)
 .debug_aranges
                0x0000000000000760       0x48 D:\Thuc tap co so\kiemtragiuaki_ttcs_nhom5\thuvien\lib\libLibraries.a(ucg_dev_default_cb.o)
 .debug_aranges
                0x00000000000007a8       0x40 D:\Thuc tap co so\kiemtragiuaki_ttcs_nhom5\thuvien\lib\libLibraries.a(ucg_dev_ic_st7735.o)
 .debug_aranges
                0x00000000000007e8       0x60 D:\Thuc tap co so\kiemtragiuaki_ttcs_nhom5\thuvien\lib\libLibraries.a(ucg_dev_msg_api.o)
 .debug_aranges
                0x0000000000000848       0x20 D:\Thuc tap co so\kiemtragiuaki_ttcs_nhom5\thuvien\lib\libLibraries.a(ucg_dev_tft_128x128_st7735.o)
 .debug_aranges
                0x0000000000000868      0x168 D:\Thuc tap co so\kiemtragiuaki_ttcs_nhom5\thuvien\lib\libLibraries.a(ucg_font.o)
 .debug_aranges
                0x00000000000009d0       0x28 D:\Thuc tap co so\kiemtragiuaki_ttcs_nhom5\thuvien\lib\libLibraries.a(ucg_init.o)
 .debug_aranges
                0x00000000000009f8       0x48 D:\Thuc tap co so\kiemtragiuaki_ttcs_nhom5\thuvien\lib\libLibraries.a(ucg_line.o)
 .debug_aranges
                0x0000000000000a40       0x28 D:\Thuc tap co so\kiemtragiuaki_ttcs_nhom5\thuvien\lib\libLibraries.a(ucg_pixel.o)
 .debug_aranges
                0x0000000000000a68       0x18 D:\Thuc tap co so\kiemtragiuaki_ttcs_nhom5\thuvien\lib\libLibraries.a(ucg_pixel_font_data.o)
 .debug_aranges
                0x0000000000000a80       0x68 D:\Thuc tap co so\kiemtragiuaki_ttcs_nhom5\thuvien\lib\libLibraries.a(ucg_rotate.o)
 .debug_aranges
                0x0000000000000ae8       0x50 D:\Thuc tap co so\kiemtragiuaki_ttcs_nhom5\thuvien\lib\libLibraries.a(buff.o)
 .debug_aranges
                0x0000000000000b38       0x48 D:\Thuc tap co so\kiemtragiuaki_ttcs_nhom5\thuvien\lib\libLibraries.a(utilities.o)
 .debug_aranges
                0x0000000000000b80      0x100 D:\Thuc tap co so\kiemtragiuaki_ttcs_nhom5\thuvien\lib\libLibraries.a(stm32f401re_usart.o)
 .debug_aranges
                0x0000000000000c80       0x50 D:\Thuc tap co so\kiemtragiuaki_ttcs_nhom5\thuvien\lib\libLibraries.a(ucg_clip.o)
 .debug_aranges
                0x0000000000000cd0       0xa0 D:\Thuc tap co so\kiemtragiuaki_ttcs_nhom5\thuvien\lib\libLibraries.a(ucg_com_msg_api.o)

.debug_rnglists
                0x0000000000000000       0xec
 .debug_rnglists
                0x0000000000000000       0xc0 ./Src/main.o
 .debug_rnglists
                0x00000000000000c0       0x13 ./Src/sysmem.o
 .debug_rnglists
                0x00000000000000d3       0x19 ./Startup/startup_stm32f401retx.o

.debug_macro    0x0000000000000000     0xfebc
 .debug_macro   0x0000000000000000      0x37b ./Src/main.o
 .debug_macro   0x000000000000037b      0xab4 ./Src/main.o
 .debug_macro   0x0000000000000e2f       0x22 ./Src/main.o
 .debug_macro   0x0000000000000e51       0x8e ./Src/main.o
 .debug_macro   0x0000000000000edf       0x51 ./Src/main.o
 .debug_macro   0x0000000000000f30      0x103 ./Src/main.o
 .debug_macro   0x0000000000001033       0x6a ./Src/main.o
 .debug_macro   0x000000000000109d      0x1df ./Src/main.o
 .debug_macro   0x000000000000127c       0x7c ./Src/main.o
 .debug_macro   0x00000000000012f8      0x174 ./Src/main.o
 .debug_macro   0x000000000000146c       0x22 ./Src/main.o
 .debug_macro   0x000000000000148e      0x301 ./Src/main.o
 .debug_macro   0x000000000000178f       0x6b ./Src/main.o
 .debug_macro   0x00000000000017fa       0x3b ./Src/main.o
 .debug_macro   0x0000000000001835       0x34 ./Src/main.o
 .debug_macro   0x0000000000001869       0x26 ./Src/main.o
 .debug_macro   0x000000000000188f      0xe43 ./Src/main.o
 .debug_macro   0x00000000000026d2     0x8018 ./Src/main.o
 .debug_macro   0x000000000000a6ea      0x2b4 ./Src/main.o
 .debug_macro   0x000000000000a99e      0x36c ./Src/main.o
 .debug_macro   0x000000000000ad0a       0x61 ./Src/main.o
 .debug_macro   0x000000000000ad6b       0x2a ./Src/main.o
 .debug_macro   0x000000000000ad95       0x43 ./Src/main.o
 .debug_macro   0x000000000000add8       0x34 ./Src/main.o
 .debug_macro   0x000000000000ae0c       0x16 ./Src/main.o
 .debug_macro   0x000000000000ae22       0x43 ./Src/main.o
 .debug_macro   0x000000000000ae65       0x34 ./Src/main.o
 .debug_macro   0x000000000000ae99       0x10 ./Src/main.o
 .debug_macro   0x000000000000aea9       0x58 ./Src/main.o
 .debug_macro   0x000000000000af01       0x8e ./Src/main.o
 .debug_macro   0x000000000000af8f       0x1c ./Src/main.o
 .debug_macro   0x000000000000afab      0x177 ./Src/main.o
 .debug_macro   0x000000000000b122      0x369 ./Src/main.o
 .debug_macro   0x000000000000b48b       0x10 ./Src/main.o
 .debug_macro   0x000000000000b49b       0x35 ./Src/main.o
 .debug_macro   0x000000000000b4d0       0x20 ./Src/main.o
 .debug_macro   0x000000000000b4f0      0x2f4 ./Src/main.o
 .debug_macro   0x000000000000b7e4      0x64a ./Src/main.o
 .debug_macro   0x000000000000be2e       0x1c ./Src/main.o
 .debug_macro   0x000000000000be4a       0x10 ./Src/main.o
 .debug_macro   0x000000000000be5a       0x1c ./Src/main.o
 .debug_macro   0x000000000000be76       0x16 ./Src/main.o
 .debug_macro   0x000000000000be8c      0x147 ./Src/main.o
 .debug_macro   0x000000000000bfd3       0x34 ./Src/main.o
 .debug_macro   0x000000000000c007       0xff ./Src/sysmem.o
 .debug_macro   0x000000000000c106      0x23c ./Src/sysmem.o
 .debug_macro   0x000000000000c342       0xce D:\Thuc tap co so\kiemtragiuaki_ttcs_nhom5\thuvien\lib\libLibraries.a(system_stm32f4xx.o)
 .debug_macro   0x000000000000c410      0xa66 D:\Thuc tap co so\kiemtragiuaki_ttcs_nhom5\thuvien\lib\libLibraries.a(system_stm32f4xx.o)
 .debug_macro   0x000000000000ce76       0x22 D:\Thuc tap co so\kiemtragiuaki_ttcs_nhom5\thuvien\lib\libLibraries.a(system_stm32f4xx.o)
 .debug_macro   0x000000000000ce98       0x8e D:\Thuc tap co so\kiemtragiuaki_ttcs_nhom5\thuvien\lib\libLibraries.a(system_stm32f4xx.o)
 .debug_macro   0x000000000000cf26       0xef D:\Thuc tap co so\kiemtragiuaki_ttcs_nhom5\thuvien\lib\libLibraries.a(system_stm32f4xx.o)
 .debug_macro   0x000000000000d015       0xc3 D:\Thuc tap co so\kiemtragiuaki_ttcs_nhom5\thuvien\lib\libLibraries.a(stm32f401re_gpio.o)
 .debug_macro   0x000000000000d0d8      0x2ee D:\Thuc tap co so\kiemtragiuaki_ttcs_nhom5\thuvien\lib\libLibraries.a(stm32f401re_gpio.o)
 .debug_macro   0x000000000000d3c6       0xd5 D:\Thuc tap co so\kiemtragiuaki_ttcs_nhom5\thuvien\lib\libLibraries.a(stm32f401re_i2c.o)
 .debug_macro   0x000000000000d49b      0x18d D:\Thuc tap co so\kiemtragiuaki_ttcs_nhom5\thuvien\lib\libLibraries.a(stm32f401re_rcc.o)
 .debug_macro   0x000000000000d628      0x644 D:\Thuc tap co so\kiemtragiuaki_ttcs_nhom5\thuvien\lib\libLibraries.a(stm32f401re_rcc.o)
 .debug_macro   0x000000000000dc6c       0xe3 D:\Thuc tap co so\kiemtragiuaki_ttcs_nhom5\thuvien\lib\libLibraries.a(timer.o)
 .debug_macro   0x000000000000dd4f       0x1c D:\Thuc tap co so\kiemtragiuaki_ttcs_nhom5\thuvien\lib\libLibraries.a(timer.o)
 .debug_macro   0x000000000000dd6b       0x16 D:\Thuc tap co so\kiemtragiuaki_ttcs_nhom5\thuvien\lib\libLibraries.a(timer.o)
 .debug_macro   0x000000000000dd81       0xe3 D:\Thuc tap co so\kiemtragiuaki_ttcs_nhom5\thuvien\lib\libLibraries.a(temhumsensor.o)
 .debug_macro   0x000000000000de64       0x76 D:\Thuc tap co so\kiemtragiuaki_ttcs_nhom5\thuvien\lib\libLibraries.a(temhumsensor.o)
 .debug_macro   0x000000000000deda      0x170 D:\Thuc tap co so\kiemtragiuaki_ttcs_nhom5\thuvien\lib\libLibraries.a(temhumsensor.o)
 .debug_macro   0x000000000000e04a      0x2ba D:\Thuc tap co so\kiemtragiuaki_ttcs_nhom5\thuvien\lib\libLibraries.a(temhumsensor.o)
 .debug_macro   0x000000000000e304      0x10a D:\Thuc tap co so\kiemtragiuaki_ttcs_nhom5\thuvien\lib\libLibraries.a(serial.o)
 .debug_macro   0x000000000000e40e      0x16a D:\Thuc tap co so\kiemtragiuaki_ttcs_nhom5\thuvien\lib\libLibraries.a(serial.o)
 .debug_macro   0x000000000000e578       0x1c D:\Thuc tap co so\kiemtragiuaki_ttcs_nhom5\thuvien\lib\libLibraries.a(serial.o)
 .debug_macro   0x000000000000e594       0x7c D:\Thuc tap co so\kiemtragiuaki_ttcs_nhom5\thuvien\lib\libLibraries.a(serial.o)
 .debug_macro   0x000000000000e610      0x223 D:\Thuc tap co so\kiemtragiuaki_ttcs_nhom5\thuvien\lib\libLibraries.a(serial.o)
 .debug_macro   0x000000000000e833      0x141 D:\Thuc tap co so\kiemtragiuaki_ttcs_nhom5\thuvien\lib\libLibraries.a(Ucglib.o)
 .debug_macro   0x000000000000e974      0x174 D:\Thuc tap co so\kiemtragiuaki_ttcs_nhom5\thuvien\lib\libLibraries.a(Ucglib.o)
 .debug_macro   0x000000000000eae8       0x84 D:\Thuc tap co so\kiemtragiuaki_ttcs_nhom5\thuvien\lib\libLibraries.a(ucg_box.o)